Product: MDK-ARM Lite 5.10
Component: ARM Compiler 5.04 update 1 (build 49)
Tool: armlink [5040049]

==============================================================================

Section Cross References

    main.o(i.checkCpuUsage) refers to main.o(i.tTaskSchedEnable) for tTaskSchedEnable
    main.o(i.checkCpuUsage) refers to dflt_clz.o(x$fpl$dfltu) for __aeabi_ui2d
    main.o(i.checkCpuUsage) refers to dmul.o(x$fpl$dmul) for __aeabi_dmul
    main.o(i.checkCpuUsage) refers to ddiv.o(x$fpl$ddiv) for __aeabi_ddiv
    main.o(i.checkCpuUsage) refers to daddsub_clz.o(x$fpl$drsb) for __aeabi_drsub
    main.o(i.checkCpuUsage) refers to d2f.o(x$fpl$d2f) for __aeabi_d2f
    main.o(i.checkCpuUsage) refers to main.o(.data) for enableCpuUsageState
    main.o(i.cpuUsageSyncWithSysTick) refers to main.o(.data) for enableCpuUsageState
    main.o(i.idleTaskEntry) refers to main.o(i.tTaskSchedDisable) for tTaskSchedDisable
    main.o(i.idleTaskEntry) refers to app.o(i.tInitApp) for tInitApp
    main.o(i.idleTaskEntry) refers to ttimer.o(i.tTimerInitTask) for tTimerInitTask
    main.o(i.idleTaskEntry) refers to tcpu.o(i.tSetSysTickPeriod) for tSetSysTickPeriod
    main.o(i.idleTaskEntry) refers to main.o(i.cpuUsageSyncWithSysTick) for cpuUsageSyncWithSysTick
    main.o(i.idleTaskEntry) refers to switch.o(i.tTaskEnterCritical) for tTaskEnterCritical
    main.o(i.idleTaskEntry) refers to switch.o(i.tTaskExitCritical) for tTaskExitCritical
    main.o(i.idleTaskEntry) refers to thooks.o(i.tHooksCpuIdle) for tHooksCpuIdle
    main.o(i.idleTaskEntry) refers to main.o(.data) for idleCount
    main.o(i.initCpuUsageStat) refers to main.o(.data) for idleCount
    main.o(i.main) refers to main.o(i.tTaskSchedInit) for tTaskSchedInit
    main.o(i.main) refers to main.o(i.tTaskDelayedInit) for tTaskDelayedInit
    main.o(i.main) refers to ttimer.o(i.tTimerModuleInit) for tTimerModuleInit
    main.o(i.main) refers to main.o(i.tTimeTickInit) for tTimeTickInit
    main.o(i.main) refers to main.o(i.initCpuUsageStat) for initCpuUsageStat
    main.o(i.main) refers to ttask.o(i.tTaskInit) for tTaskInit
    main.o(i.main) refers to main.o(i.tTaskHighestReady) for tTaskHighestReady
    main.o(i.main) refers to switch.o(i.tTaskRunFirst) for tTaskRunFirst
    main.o(i.main) refers to main.o(.bss) for idleTaskEnv
    main.o(i.main) refers to main.o(i.idleTaskEntry) for idleTaskEntry
    main.o(i.main) refers to main.o(.data) for nextTask
    main.o(i.tCpuUageGet) refers to switch.o(i.tTaskEnterCritical) for tTaskEnterCritical
    main.o(i.tCpuUageGet) refers to switch.o(i.tTaskExitCritical) for tTaskExitCritical
    main.o(i.tCpuUageGet) refers to main.o(.data) for cpuUsage
    main.o(i.tTaskDelayedInit) refers to tlist.o(i.tListInit) for tListInit
    main.o(i.tTaskDelayedInit) refers to main.o(.bss) for tTaskDelayedList
    main.o(i.tTaskHighestReady) refers to tbitmap.o(i.tBitmapGetFirstSet) for tBitmapGetFirstSet
    main.o(i.tTaskHighestReady) refers to tlist.o(i.tListFirst) for tListFirst
    main.o(i.tTaskHighestReady) refers to main.o(.data) for taskPrioBitmap
    main.o(i.tTaskHighestReady) refers to main.o(.bss) for taskTable
    main.o(i.tTaskSched) refers to switch.o(i.tTaskEnterCritical) for tTaskEnterCritical
    main.o(i.tTaskSched) refers to switch.o(i.tTaskExitCritical) for tTaskExitCritical
    main.o(i.tTaskSched) refers to main.o(i.tTaskHighestReady) for tTaskHighestReady
    main.o(i.tTaskSched) refers to thooks.o(i.tHooksTaskSwitch) for tHooksTaskSwitch
    main.o(i.tTaskSched) refers to switch.o(i.tTaskSwitch) for tTaskSwitch
    main.o(i.tTaskSched) refers to main.o(.data) for schedLockCount
    main.o(i.tTaskSchedDisable) refers to switch.o(i.tTaskEnterCritical) for tTaskEnterCritical
    main.o(i.tTaskSchedDisable) refers to switch.o(i.tTaskExitCritical) for tTaskExitCritical
    main.o(i.tTaskSchedDisable) refers to main.o(.data) for schedLockCount
    main.o(i.tTaskSchedEnable) refers to switch.o(i.tTaskEnterCritical) for tTaskEnterCritical
    main.o(i.tTaskSchedEnable) refers to main.o(i.tTaskSched) for tTaskSched
    main.o(i.tTaskSchedEnable) refers to switch.o(i.tTaskExitCritical) for tTaskExitCritical
    main.o(i.tTaskSchedEnable) refers to main.o(.data) for schedLockCount
    main.o(i.tTaskSchedInit) refers to tbitmap.o(i.tBitmapInit) for tBitmapInit
    main.o(i.tTaskSchedInit) refers to tlist.o(i.tListInit) for tListInit
    main.o(i.tTaskSchedInit) refers to main.o(.data) for schedLockCount
    main.o(i.tTaskSchedInit) refers to main.o(.bss) for taskTable
    main.o(i.tTaskSchedRdy) refers to tlist.o(i.tListAddFirst) for tListAddFirst
    main.o(i.tTaskSchedRdy) refers to tbitmap.o(i.tBitmapSet) for tBitmapSet
    main.o(i.tTaskSchedRdy) refers to main.o(.bss) for taskTable
    main.o(i.tTaskSchedRdy) refers to main.o(.data) for taskPrioBitmap
    main.o(i.tTaskSchedRemove) refers to tlist.o(i.tListRemove) for tListRemove
    main.o(i.tTaskSchedRemove) refers to tlist.o(i.tListCount) for tListCount
[...]
    tflaggroup.o(i.tFlagGroupGetInfo) refers to switch.o(i.tTaskEnterCritical) for tTaskEnterCritical
    tflaggroup.o(i.tFlagGroupGetInfo) refers to tevent.o(i.tEventWaitCount) for tEventWaitCount
    tflaggroup.o(i.tFlagGroupGetInfo) refers to switch.o(i.tTaskExitCritical) for tTaskExitCritical
    tflaggroup.o(i.tFlagGroupInit) refers to tevent.o(i.tEventInit) for tEventInit
    tflaggroup.o(i.tFlagGroupNotify) refers to switch.o(i.tTaskEnterCritical) for tTaskEnterCritical
    tflaggroup.o(i.tFlagGroupNotify) refers to tflaggroup.o(i.tFlagGroupCheckAndConsume) for tFlagGroupCheckAndConsume
    tflaggroup.o(i.tFlagGroupNotify) refers to tevent.o(i.tEventWakeUpTask) for tEventWakeUpTask
    tflaggroup.o(i.tFlagGroupNotify) refers to main.o(i.tTaskSched) for tTaskSched
    tflaggroup.o(i.tFlagGroupNotify) refers to switch.o(i.tTaskExitCritical) for tTaskExitCritical
    tflaggroup.o(i.tFlagGroupWait) refers to switch.o(i.tTaskEnterCritical) for tTaskEnterCritical
    tflaggroup.o(i.tFlagGroupWait) refers to tflaggroup.o(i.tFlagGroupCheckAndConsume) for tFlagGroupCheckAndConsume
    tflaggroup.o(i.tFlagGroupWait) refers to tevent.o(i.tEventWait) for tEventWait
    tflaggroup.o(i.tFlagGroupWait) refers to switch.o(i.tTaskExitCritical) for tTaskExitCritical
    tflaggroup.o(i.tFlagGroupWait) refers to main.o(i.tTaskSched) for tTaskSched
    tflaggroup.o(i.tFlagGroupWait) refers to main.o(.data) for currentTask
    tflaggroup.o(i.tFlaggroupNoWaitGet) refers to switch.o(i.tTaskEnterCritical) for tTaskEnterCritical
    tflaggroup.o(i.tFlaggroupNoWaitGet) refers to tflaggroup.o(i.tFlagGroupCheckAndConsume) for tFlagGroupCheckAndConsume
    tflaggroup.o(i.tFlaggroupNoWaitGet) refers to switch.o(i.tTaskExitCritical) for tTaskExitCritical
    tmutex.o(i.tMutexDestroy) refers to switch.o(i.tTaskEnterCritical) for tTaskEnterCritical
    tmutex.o(i.tMutexDestroy) refers to main.o(i.tTaskSchedUnRdy) for tTaskSchedUnRdy
    tmutex.o(i.tMutexDestroy) refers to main.o(i.tTaskSchedRdy) for tTaskSchedRdy
    tmutex.o(i.tMutexDestroy) refers to tevent.o(i.tEventRemoveAll) for tEventRemoveAll
    tmutex.o(i.tMutexDestroy) refers to main.o(i.tTaskSched) for tTaskSched
    tmutex.o(i.tMutexDestroy) refers to switch.o(i.tTaskExitCritical) for tTaskExitCritical
    tmutex.o(i.tMutexGetInfo) refers to switch.o(i.tTaskEnterCritical) for tTaskEnterCritical
    tmutex.o(i.tMutexGetInfo) refers to tevent.o(i.tEventWaitCount) for tEventWaitCount
    tmutex.o(i.tMutexGetInfo) refers to switch.o(i.tTaskExitCritical) for tTaskExitCritical
    tmutex.o(i.tMutexInit) refers to tevent.o(i.tEventInit) for tEventInit
    tmutex.o(i.tMutexNoWaitGet) refers to switch.o(i.tTaskEnterCritical) for tTaskEnterCritical
    tmutex.o(i.tMutexNoWaitGet) refers to switch.o(i.tTaskExitCritical) for tTaskExitCritical
    tmutex.o(i.tMutexNoWaitGet) refers to main.o(.data) for currentTask
    tmutex.o(i.tMutexNotify) refers to switch.o(i.tTaskEnterCritical) for tTaskEnterCritical
    tmutex.o(i.tMutexNotify) refers to switch.o(i.tTaskExitCritical) for tTaskExitCritical
    tmutex.o(i.tMutexNotify) refers to main.o(i.tTaskSchedRdy) for tTaskSchedRdy
    tmutex.o(i.tMutexNotify) refers to tevent.o(i.tEventWaitCount) for tEventWaitCount
    tmutex.o(i.tMutexNotify) refers to tevent.o(i.tEventWakeUp) for tEventWakeUp
    tmutex.o(i.tMutexNotify) refers to main.o(i.tTaskSched) for tTaskSched
    tmutex.o(i.tMutexNotify) refers to main.o(.data) for currentTask
    tmutex.o(i.tMutexWait) refers to switch.o(i.tTaskEnterCritical) for tTaskEnterCritical
    tmutex.o(i.tMutexWait) refers to switch.o(i.tTaskExitCritical) for tTaskExitCritical
    tmutex.o(i.tMutexWait) refers to main.o(i.tTaskSchedUnRdy) for tTaskSchedUnRdy
    tmutex.o(i.tMutexWait) refers to main.o(i.tTaskSchedRdy) for tTaskSchedRdy
    tmutex.o(i.tMutexWait) refers to tevent.o(i.tEventWait) for tEventWait
    tmutex.o(i.tMutexWait) refers to main.o(i.tTaskSched) for tTaskSched
    tmutex.o(i.tMutexWait) refers to main.o(.data) for currentTask
    ttimer.o(i.tTimeModuleTickNotify) refers to switch.o(i.tTaskEnterCritical) for tTaskEnterCritical
    ttimer.o(i.tTimeModuleTickNotify) refers to ttimer.o(i.tTimerCallFunList) for tTimerCallFunList
    ttimer.o(i.tTimeModuleTickNotify) refers to switch.o(i.tTaskExitCritical) for tTaskExitCritical
    ttimer.o(i.tTimeModuleTickNotify) refers to tsem.o(i.tSemNotify) for tSemNotify
    ttimer.o(i.tTimeModuleTickNotify) refers to ttimer.o(.bss) for tTimerHardList
    ttimer.o(i.tTimerCallFunList) refers to tlist.o(i.tListRemove) for tListRemove
    ttimer.o(i.tTimerDestroy) refers to ttimer.o(i.tTimerStop) for tTimerStop
    ttimer.o(i.tTimerGetInfo) refers to switch.o(i.tTaskEnterCritical) for tTaskEnterCritical
    ttimer.o(i.tTimerGetInfo) refers to switch.o(i.tTaskExitCritical) for tTaskExitCritical
    ttimer.o(i.tTimerInit) refers to tlist.o(i.tNodeInit) for tNodeInit
    ttimer.o(i.tTimerInitTask) refers to ttask.o(i.tTaskInit) for tTaskInit
    ttimer.o(i.tTimerInitTask) refers to ttimer.o(.bss) for tTimerTaskStack
    ttimer.o(i.tTimerInitTask) refers to ttimer.o(i.tTimerSoftTask) for tTimerSoftTask
    ttimer.o(i.tTimerModuleInit) refers to tlist.o(i.tListInit) for tListInit
    ttimer.o(i.tTimerModuleInit) refers to tsem.o(i.tSemInit) for tSemInit
    ttimer.o(i.tTimerModuleInit) refers to ttimer.o(.bss) for tTimerHardList
    ttimer.o(i.tTimerSoftTask) refers to tsem.o(i.tSemWait) for tSemWait
    ttimer.o(i.tTimerSoftTask) refers to ttimer.o(i.tTimerCallFunList) for tTimerCallFunList
    ttimer.o(i.tTimerSoftTask) refers to tsem.o(i.tSemNotify) for tSemNotify
    ttimer.o(i.tTimerSoftTask) refers to ttimer.o(.bss) for tTimerTickSem
    ttimer.o(i.tTimerStart) refers to switch.o(i.tTaskEnterCritical) for tTaskEnterCritical
    ttimer.o(i.tTimerStart) refers to tlist.o(i.tListAddLast) for tListAddLast
    ttimer.o(i.tTimerStart) refers to switch.o(i.tTaskExitCritical) for tTaskExitCritical
    ttimer.o(i.tTimerStart) refers to tsem.o(i.tSemWait) for tSemWait
    ttimer.o(i.tTimerStart) refers to tsem.o(i.tSemNotify) for tSemNotify
    ttimer.o(i.tTimerStart) refers to ttimer.o(.bss) for tTimerHardList
    ttimer.o(i.tTimerStop) refers to switch.o(i.tTaskEnterCritical) for tTaskEnterCritical
    ttimer.o(i.tTimerStop) refers to tlist.o(i.tListRemove) for tListRemove
    ttimer.o(i.tTimerStop) refers to switch.o(i.tTaskExitCritical) for tTaskExitCritical
    ttimer.o(i.tTimerStop) refers to tsem.o(i.tSemWait) for tSemWait
    ttimer.o(i.tTimerStop) refers to tsem.o(i.tSemNotify) for tSemNotify
    ttimer.o(i.tTimerStop) refers to ttimer.o(.bss) for tTimerHardList
    startup_stm32f10x_md.o(STACK) refers (Special) to heapauxi.o(.text) for __use_two_region_memory
    startup_stm32f10x_md.o(HEAP) refers (Special) to heapauxi.o(.text) for __use_two_region_memory
    startup_stm32f10x_md.o(RESET) refers (Special) to heapauxi.o(.text) for __use_two_region_memory
    startup_stm32f10x_md.o(RESET) refers to startup_stm32f10x_md.o(STACK) for __initial_sp
    startup_stm32f10x_md.o(RESET) refers to startup_stm32f10x_md.o(.text) for Reset_Handler
    startup_stm32f10x_md.o(RESET) refers to switch.o(.emb_text) for PendSV_Handler
    startup_stm32f10x_md.o(RESET) refers to tcpu.o(i.SysTick_Handler) for SysTick_Handler
    startup_stm32f10x_md.o(.text) refers (Special) to heapauxi.o(.text) for __use_two_region_memory
    startup_stm32f10x_md.o(.text) refers to system_stm32f10x.o(i.SystemInit) for SystemInit
    startup_stm32f10x_md.o(.text) refers to __main.o(!!!main) for __main
    startup_stm32f10x_md.o(.text) refers to startup_stm32f10x_md.o(HEAP) for Heap_Mem
    startup_stm32f10x_md.o(.text) refers to startup_stm32f10x_md.o(STACK) for Stack_Mem
    system_stm32f10x.o(i.SetSysClock) refers to system_stm32f10x.o(i.SetSysClockTo72) for SetSysClockTo72
    system_stm32f10x.o(i.SystemCoreClockUpdate) refers to system_stm32f10x.o(.data) for SystemCoreClock
    system_stm32f10x.o(i.SystemInit) refers to system_stm32f10x.o(i.SetSysClock) for SetSysClock
    __main.o(!!!main) refers to rtentry.o(.ARM.Collect$$rtentry$$00000000) for __rt_entry
    d2f.o(x$fpl$d2f) refers (Special) to usenofp.o(x$fpl$usenofp) for __I$use$fp
    d2f.o(x$fpl$d2f) refers to fretinf.o(x$fpl$fretinf) for __fpl_fretinf
    d2f.o(x$fpl$d2f) refers to dnaninf.o(x$fpl$dnaninf) for __fpl_dnaninf
    daddsub_clz.o(x$fpl$dadd) refers (Special) to usenofp.o(x$fpl$usenofp) for __I$use$fp
    daddsub_clz.o(x$fpl$dadd) refers to daddsub_clz.o(x$fpl$dsub) for _dsub1
    daddsub_clz.o(x$fpl$dadd) refers to dretinf.o(x$fpl$dretinf) for __fpl_dretinf
    daddsub_clz.o(x$fpl$dadd) refers to dnaninf.o(x$fpl$dnaninf) for __fpl_dnaninf
    daddsub_clz.o(x$fpl$drsb) refers (Special) to usenofp.o(x$fpl$usenofp) for __I$use$fp
    daddsub_clz.o(x$fpl$drsb) refers to daddsub_clz.o(x$fpl$dadd) for _dadd1
    daddsub_clz.o(x$fpl$drsb) refers to daddsub_clz.o(x$fpl$dsub) for _dsub1
    daddsub_clz.o(x$fpl$dsub) refers (Special) to usenofp.o(x$fpl$usenofp) for __I$use$fp
    daddsub_clz.o(x$fpl$dsub) refers to daddsub_clz.o(x$fpl$dadd) for _dadd1
    daddsub_clz.o(x$fpl$dsub) refers to dnaninf.o(x$fpl$dnaninf) for __fpl_dnaninf
    ddiv.o(x$fpl$drdiv) refers (Special) to usenofp.o(x$fpl$usenofp) for __I$use$fp
    ddiv.o(x$fpl$drdiv) refers to ddiv.o(x$fpl$ddiv) for ddiv_entry
    ddiv.o(x$fpl$ddiv) refers (Special) to usenofp.o(x$fpl$usenofp) for __I$use$fp
    ddiv.o(x$fpl$ddiv) refers to dretinf.o(x$fpl$dretinf) for __fpl_dretinf
    ddiv.o(x$fpl$ddiv) refers to dnaninf.o(x$fpl$dnaninf) for __fpl_dnaninf
    dflt_clz.o(x$fpl$dfltu) refers (Special) to usenofp.o(x$fpl$usenofp) for __I$use$fp
    dflt_clz.o(x$fpl$dflt) refers (Special) to usenofp.o(x$fpl$usenofp) for __I$use$fp
    dflt_clz.o(x$fpl$dfltn) refers (Special) to usenofp.o(x$fpl$usenofp) for __I$use$fp
    dmul.o(x$fpl$dmul) refers (Special) to usenofp.o(x$fpl$usenofp) for __I$use$fp
    dmul.o(x$fpl$dmul) refers to dretinf.o(x$fpl$dretinf) for __fpl_dretinf
    dmul.o(x$fpl$dmul) refers to dnaninf.o(x$fpl$dnaninf) for __fpl_dnaninf
    rtentry.o(.ARM.Collect$$rtentry$$00000000) refers (Special) to rtentry2.o(.ARM.Collect$$rtentry$$0000000A) for __rt_entry_li
    rtentry.o(.ARM.Collect$$rtentry$$00000000) refers (Special) to rtentry2.o(.ARM.Collect$$rtentry$$0000000D) for __rt_entry_main
    rtentry.o(.ARM.Collect$$rtentry$$00000000) refers (Special) to rtentry2.o(.ARM.Collect$$rtentry$$0000000C) for __rt_entry_postli_1
    rtentry.o(.ARM.Collect$$rtentry$$00000000) refers (Special) to rtentry2.o(.ARM.Collect$$rtentry$$00000009) for __rt_entry_postsh_1
    rtentry.o(.ARM.Collect$$rtentry$$00000000) refers (Special) to rtentry2.o(.ARM.Collect$$rtentry$$00000002) for __rt_entry_presh_1
    rtentry.o(.ARM.Collect$$rtentry$$00000000) refers (Special) to rtentry4.o(.ARM.Collect$$rtentry$$00000004) for __rt_entry_sh
    dnaninf.o(x$fpl$dnaninf) refers (Special) to usenofp.o(x$fpl$usenofp) for __I$use$fp
    dretinf.o(x$fpl$dretinf) refers (Special) to usenofp.o(x$fpl$usenofp) for __I$use$fp
    fretinf.o(x$fpl$fretinf) refers (Special) to usenofp.o(x$fpl$usenofp) for __I$use$fp
    rtentry2.o(.ARM.Collect$$rtentry$$00000008) refers to boardinit2.o(.text) for _platform_post_stackheap_init
    rtentry2.o(.ARM.Collect$$rtentry$$0000000A) refers to libinit.o(.ARM.Collect$$libinit$$00000000) for __rt_lib_init
    rtentry2.o(.ARM.Collect$$rtentry$$0000000B) refers to boardinit3.o(.text) for _platform_post_lib_init
    rtentry2.o(.ARM.Collect$$rtentry$$0000000D) refers to main.o(i.main) for main
    rtentry2.o(.ARM.Collect$$rtentry$$0000000D) refers to exit.o(.text) for exit
    rtentry2.o(.ARM.exidx) refers to rtentry2.o(.ARM.Collect$$rtentry$$00000001) for .ARM.Collect$$rtentry$$00000001
    rtentry2.o(.ARM.exidx) refers to rtentry2.o(.ARM.Collect$$rtentry$$00000008) for .ARM.Collect$$rtentry$$00000008
    rtentry2.o(.ARM.exidx) refers to rtentry2.o(.ARM.Collect$$rtentry$$0000000A) for .ARM.Collect$$rtentry$$0000000A
    rtentry2.o(.ARM.exidx) refers to rtentry2.o(.ARM.Collect$$rtentry$$0000000B) for .ARM.Collect$$rtentry$$0000000B
    rtentry2.o(.ARM.exidx) refers to rtentry2.o(.ARM.Collect$$rtentry$$0000000D) for .ARM.Collect$$rtentry$$0000000D
    rtentry4.o(.ARM.Collect$$rtentry$$00000004) refers to sys_stackheap_outer.o(.text) for __user_setup_stackheap
    rtentry4.o(.ARM.exidx) refers to rtentry4.o(.ARM.Collect$$rtentry$$00000004) for .ARM.Collect$$rtentry$$00000004
    sys_stackheap_outer.o(.text) refers to libspace.o(.text) for __user_perproc_libspace
    sys_stackheap_outer.o(.text) refers to startup_stm32f10x_md.o(.text) for __user_initial_stackheap
    exit.o(.text) refers to rtexit.o(.ARM.Collect$$rtexit$$00000000) for __rt_exit
    libinit.o(.ARM.Collect$$libinit$$00000000) refers (Special) to libinit2.o(.ARM.Collect$$libinit$$0000002C) for __rt_lib_init_alloca_1
    libinit.o(.ARM.Collect$$libinit$$00000000) refers (Special) to libinit2.o(.ARM.Collect$$libinit$$0000002A) for __rt_lib_init_argv_1
    libinit.o(.ARM.Collect$$libinit$$00000000) refers (Special) to libinit2.o(.ARM.Collect$$libinit$$00000019) for __rt_lib_init_atexit_1
    libinit.o(.ARM.Collect$$libinit$$00000000) refers (Special) to libinit2.o(.ARM.Collect$$libinit$$0000001F) for __rt_lib_init_clock_1
    libinit.o(.ARM.Collect$$libinit$$00000000) refers (Special) to libinit2.o(.ARM.Collect$$libinit$$00000030) for __rt_lib_init_cpp_1
    libinit.o(.ARM.Collect$$libinit$$00000000) refers (Special) to libinit2.o(.ARM.Collect$$libinit$$0000002E) for __rt_lib_init_exceptions_1
    libinit.o(.ARM.Collect$$libinit$$00000000) refers (Special) to libinit2.o(.ARM.Collect$$libinit$$00000002) for __rt_lib_init_fp_1
    libinit.o(.ARM.Collect$$libinit$$00000000) refers (Special) to libinit2.o(.ARM.Collect$$libinit$$0000001D) for __rt_lib_init_fp_trap_1
    libinit.o(.ARM.Collect$$libinit$$00000000) refers (Special) to libinit2.o(.ARM.Collect$$libinit$$00000021) for __rt_lib_init_getenv_1
    libinit.o(.ARM.Collect$$libinit$$00000000) refers (Special) to libinit2.o(.ARM.Collect$$libinit$$00000008) for __rt_lib_init_heap_1
    libinit.o(.ARM.Collect$$libinit$$00000000) refers (Special) to libinit2.o(.ARM.Collect$$libinit$$0000000F) for __rt_lib_init_lc_collate_1
    libinit.o(.ARM.Collect$$libinit$$00000000) refers (Special) to libinit2.o(.ARM.Collect$$libinit$$00000011) for __rt_lib_init_lc_ctype_1
    libinit.o(.ARM.Collect$$libinit$$00000000) refers (Special) to libinit2.o(.ARM.Collect$$libinit$$00000013) for __rt_lib_init_lc_monetary_1
    libinit.o(.ARM.Collect$$libinit$$00000000) refers (Special) to libinit2.o(.ARM.Collect$$libinit$$00000015) for __rt_lib_init_lc_numeric_1
    libinit.o(.ARM.Collect$$libinit$$00000000) refers (Special) to libinit2.o(.ARM.Collect$$libinit$$00000017) for __rt_lib_init_lc_time_1
    libinit.o(.ARM.Collect$$libinit$$00000000) refers (Special) to libinit2.o(.ARM.Collect$$libinit$$0000000C) for __rt_lib_init_rand_1
    libinit.o(.ARM.Collect$$libinit$$00000000) refers (Special) to libinit2.o(.ARM.Collect$$libinit$$00000031) for __rt_lib_init_return
    libinit.o(.ARM.Collect$$libinit$$00000000) refers (Special) to libinit2.o(.ARM.Collect$$libinit$$0000001B) for __rt_lib_init_signal_1
    libinit.o(.ARM.Collect$$libinit$$00000000) refers (Special) to libinit2.o(.ARM.Collect$$libinit$$00000023) for __rt_lib_init_stdio_1
    libinit.o(.ARM.Collect$$libinit$$00000000) refers (Special) to libinit2.o(.ARM.Collect$$libinit$$0000000A) for __rt_lib_init_user_alloc_1
    libspace.o(.text) refers to libspace.o(.bss) for __libspace_start
    rtexit.o(.ARM.Collect$$rtexit$$00000000) refers (Special) to rtexit2.o(.ARM.Collect$$rtexit$$00000004) for __rt_exit_exit
    rtexit.o(.ARM.Collect$$rtexit$$00000000) refers (Special) to rtexit2.o(.ARM.Collect$$rtexit$$00000003) for __rt_exit_ls
    rtexit.o(.ARM.Collect$$rtexit$$00000000) refers (Special) to rtexit2.o(.ARM.Collect$$rtexit$$00000002) for __rt_exit_prels_1
    rtexit.o(.ARM.exidx) refers (Special) to rtexit2.o(.ARM.Collect$$rtexit$$00000004) for __rt_exit_exit
    rtexit.o(.ARM.exidx) refers (Special) to rtexit2.o(.ARM.Collect$$rtexit$$00000003) for __rt_exit_ls
    rtexit.o(.ARM.exidx) refers (Special) to rtexit2.o(.ARM.Collect$$rtexit$$00000002) for __rt_exit_prels_1
    rtexit.o(.ARM.exidx) refers to rtexit.o(.ARM.Collect$$rtexit$$00000000) for .ARM.Collect$$rtexit$$00000000
    libinit2.o(.ARM.Collect$$libinit$$0000000E) refers to libinit2.o(.ARM.Collect$$libinit$$0000000D) for .ARM.Collect$$libinit$$0000000D
    libinit2.o(.ARM.Collect$$libinit$$00000010) refers to libinit2.o(.ARM.Collect$$libinit$$0000000D) for .ARM.Collect$$libinit$$0000000D
    libinit2.o(.ARM.Collect$$libinit$$00000012) refers to libinit2.o(.ARM.Collect$$libinit$$0000000D) for .ARM.Collect$$libinit$$0000000D
    libinit2.o(.ARM.Collect$$libinit$$00000014) refers to libinit2.o(.ARM.Collect$$libinit$$0000000D) for .ARM.Collect$$libinit$$0000000D
    libinit2.o(.ARM.Collect$$libinit$$00000016) refers to libinit2.o(.ARM.Collect$$libinit$$0000000D) for .ARM.Collect$$libinit$$0000000D
    libinit2.o(.ARM.Collect$$libinit$$00000024) refers to argv_veneer.o(.emb_text) for __ARM_argv_veneer
    libinit2.o(.ARM.Collect$$libinit$$00000025) refers to argv_veneer.o(.emb_text) for __ARM_argv_veneer
    rtexit2.o(.ARM.Collect$$rtexit$$00000003) refers to libshutdown.o(.ARM.Collect$$libshutdown$$00000000) for __rt_lib_shutdown
    rtexit2.o(.ARM.Collect$$rtexit$$00000004) refers to sys_exit.o(.text) for _sys_exit
    rtexit2.o(.ARM.exidx) refers to rtexit2.o(.ARM.Collect$$rtexit$$00000001) for .ARM.Collect$$rtexit$$00000001
    rtexit2.o(.ARM.exidx) refers to rtexit2.o(.ARM.Collect$$rtexit$$00000003) for .ARM.Collect$$rtexit$$00000003
    rtexit2.o(.ARM.exidx) refers to rtexit2.o(.ARM.Collect$$rtexit$$00000004) for .ARM.Collect$$rtexit$$00000004
    argv_veneer.o(.emb_text) refers to no_argv.o(.text) for __ARM_get_argv
    sys_exit.o(.text) refers (Special) to use_no_semi.o(.text) for __I$use$semihosting
    sys_exit.o(.text) refers (Special) to indicate_semi.o(.text) for __semihosting_library_function
    _get_argv_nomalloc.o(.text) refers (Special) to hrguard.o(.text) for __heap_region$guard
    _get_argv_nomalloc.o(.text) refers to defsig_rtmem_outer.o(.text) for __rt_SIGRTMEM
    _get_argv_nomalloc.o(.text) refers to sys_command.o(.text) for _sys_command_string
    libshutdown.o(.ARM.Collect$$libshutdown$$00000000) refers (Special) to libshutdown2.o(.ARM.Collect$$libshutdown$$00000006) for __rt_lib_shutdown_fp_trap_1
    libshutdown.o(.ARM.Collect$$libshutdown$$00000000) refers (Special) to libshutdown2.o(.ARM.Collect$$libshutdown$$0000000E) for __rt_lib_shutdown_heap_1
    libshutdown.o(.ARM.Collect$$libshutdown$$00000000) refers (Special) to libshutdown2.o(.ARM.Collect$$libshutdown$$0000000F) for __rt_lib_shutdown_return
    libshutdown.o(.ARM.Collect$$libshutdown$$00000000) refers (Special) to libshutdown2.o(.ARM.Collect$$libshutdown$$00000009) for __rt_lib_shutdown_signal_1
    libshutdown.o(.ARM.Collect$$libshutdown$$00000000) refers (Special) to libshutdown2.o(.ARM.Collect$$libshutdown$$00000003) for __rt_lib_shutdown_stdio_1
    libshutdown.o(.ARM.Collect$$libshutdown$$00000000) refers (Special) to libshutdown2.o(.ARM.Collect$$libshutdown$$0000000B) for __rt_lib_shutdown_user_alloc_1
    sys_command.o(.text) refers (Special) to use_no_semi.o(.text) for __I$use$semihosting
    sys_command.o(.text) refers (Special) to indicate_semi.o(.text) for __semihosting_library_function
    defsig_rtmem_outer.o(.text) refers to defsig_rtmem_inner.o(.text) for __rt_SIGRTMEM_inner
    defsig_rtmem_outer.o(.text) refers to defsig_exit.o(.text) for __sig_exit
    defsig_rtmem_formal.o(.text) refers to rt_raise.o(.text) for __rt_raise
    rt_raise.o(.text) refers to __raise.o(.text) for __raise
    rt_raise.o(.text) refers to sys_exit.o(.text) for _sys_exit
    defsig_exit.o(.text) refers to sys_exit.o(.text) for _sys_exit
    defsig_rtmem_inner.o(.text) refers to defsig_general.o(.text) for __default_signal_display
    __raise.o(.text) refers to defsig.o(CL$$defsig) for __default_signal_handler
    defsig_general.o(.text) refers to sys_wrch.o(.text) for _ttywrch
    sys_wrch.o(.text) refers (Special) to use_no_semi.o(.text) for __I$use$semihosting
    sys_wrch.o(.text) refers (Special) to indicate_semi.o(.text) for __semihosting_library_function
    defsig.o(CL$$defsig) refers to defsig_rtmem_inner.o(.text) for __rt_SIGRTMEM_inner
    defsig_abrt_inner.o(.text) refers to defsig_general.o(.text) for __default_signal_display
    defsig_fpe_inner.o(.text) refers to defsig_general.o(.text) for __default_signal_display
    defsig_rtred_inner.o(.text) refers to defsig_general.o(.text) for __default_signal_display
    defsig_stak_inner.o(.text) refers to defsig_general.o(.text) for __default_signal_display
    defsig_pvfn_inner.o(.text) refers to defsig_general.o(.text) for __default_signal_display
    defsig_cppl_inner.o(.text) refers to defsig_general.o(.text) for __default_signal_display
    defsig_segv_inner.o(.text) refers to defsig_general.o(.text) for __default_signal_display
    defsig_other.o(.text) refers to defsig_general.o(.text) for __default_signal_display


==============================================================================

Removing Unused input sections from the image.

    Removing main.o(.rev16_text), (4 bytes).
    Removing main.o(.revsh_text), (4 bytes).
    Removing main.o(i.tCpuUageGet), (28 bytes).
    Removing main.o(i.tTaskSchedRemove), (60 bytes).
    Removing main.o(i.tTimeTaskRemove), (20 bytes).
    Removing switch.o(.rev16_text), (4 bytes).
    Removing switch.o(.revsh_text), (4 bytes).
    Removing tlist.o(i.tListInsertAfter), (20 bytes).
    Removing tlist.o(i.tListLast), (12 bytes).
    Removing tlist.o(i.tListNext), (16 bytes).
    Removing tlist.o(i.tListPre), (16 bytes).
    Removing tlist.o(i.tListRemoveAll), (32 bytes).
    Removing ttask.o(i.tTaskDeleteSelf), (56 bytes).
    Removing ttask.o(i.tTaskForceDelete), (80 bytes).
    Removing ttask.o(i.tTaskGetInfo), (86 bytes).
    Removing ttask.o(i.tTaskIsRequestedDelete), (32 bytes).
    Removing ttask.o(i.tTaskRequestDelete), (24 bytes).
    Removing ttask.o(i.tTaskSetCleanCallFunc), (6 bytes).
    Removing ttask.o(i.tTaskSuppend), (68 bytes).
    Removing ttask.o(i.tTaskWakeUp), (54 bytes).
    Removing tcpu.o(.rev16_text), (4 bytes).
    Removing tcpu.o(.revsh_text), (4 bytes).
    Removing tevent.o(i.tEventRemoveAll), (92 bytes).
    Removing tevent.o(i.tEventWakeUpTask), (72 bytes).
    Removing tsem.o(i.tSemDestroy), (42 bytes).
    Removing tsem.o(i.tSemGetInfo), (36 bytes).
    Removing tsem.o(i.tSemWaitGet), (40 bytes).
    Removing tmbox.o(i.tMboxDestroy), (38 bytes).
    Removing tmbox.o(i.tMboxFlush), (34 bytes).
    Removing tmbox.o(i.tMboxGetInfo), (36 bytes).
    Removing tmbox.o(i.tMboxInit), (28 bytes).
    Removing tmbox.o(i.tMboxNoWaitGet), (68 bytes).
    Removing tmbox.o(i.tMboxNotify), (152 bytes).
    Removing tmbox.o(i.tMboxWait), (108 bytes).
    Removing tmeblock.o(i.tMemBlockDestroy), (38 bytes).
    Removing tmeblock.o(i.tMemBlockGetInfo), (46 bytes).
    Removing tmeblock.o(i.tMemBlockInit), (78 bytes).
    Removing tmeblock.o(i.tMemBlockNoWaitGet), (52 bytes).
    Removing tmeblock.o(i.tMemBlockNotify), (76 bytes).
    Removing tmeblock.o(i.tMemBlockWait), (92 bytes).
    Removing tflaggroup.o(i.tFlagGroupCheckAndConsume), (86 bytes).
    Removing tflaggroup.o(i.tFlagGroupDestroy), (38 bytes).
    Removing tflaggroup.o(i.tFlagGroupGetInfo), (32 bytes).
    Removing tflaggroup.o(i.tFlagGroupInit), (18 bytes).
    Removing tflaggroup.o(i.tFlagGroupNotify), (124 bytes).
    Removing tflaggroup.o(i.tFlagGroupWait), (116 bytes).
    Removing tflaggroup.o(i.tFlaggroupNoWaitGet), (46 bytes).
    Removing tmutex.o(i.tMutexDestroy), (86 bytes).
    Removing tmutex.o(i.tMutexGetInfo), (56 bytes).
    Removing tmutex.o(i.tMutexInit), (24 bytes).
    Removing tmutex.o(i.tMutexNoWaitGet), (84 bytes).
    Removing tmutex.o(i.tMutexNotify), (172 bytes).
    Removing tmutex.o(i.tMutexWait), (164 bytes).
    Removing ttimer.o(i.tTimerDestroy), (18 bytes).
    Removing ttimer.o(i.tTimerGetInfo), (46 bytes).
    Removing ttimer.o(i.tTimerInit), (56 bytes).
    Removing ttimer.o(i.tTimerStart), (108 bytes).
    Removing ttimer.o(i.tTimerStop), (92 bytes).
    Removing system_stm32f10x.o(.rev16_text), (4 bytes).
    Removing system_stm32f10x.o(.revsh_text), (4 bytes).
    Removing system_stm32f10x.o(i.SystemCoreClockUpdate), (164 bytes).

61 unused section(s) (total 3300 bytes) removed from the image.

==============================================================================

Image Symbol Table

    Local Symbols

    Symbol Name                              Value     Ov Type        Size  Object(Section)

    RESET                                    0x00000000   Section      236  startup_stm32f10x_md.o(RESET)
    ../clib/angel/boardlib.s                 0x00000000   Number         0  boardinit3.o ABSOLUTE
    ../clib/angel/boardlib.s                 0x00000000   Number         0  boardinit2.o ABSOLUTE
    ../clib/angel/boardlib.s                 0x00000000   Number         0  boardinit1.o ABSOLUTE
    ../clib/angel/boardlib.s                 0x00000000   Number         0  boardshut.o ABSOLUTE
    ../clib/angel/handlers.s                 0x00000000   Number         0  __scatter_copy.o ABSOLUTE
    ../clib/angel/handlers.s                 0x00000000   Number         0  __scatter_zi.o ABSOLUTE
    ../clib/angel/kernel.s                   0x00000000   Number         0  rtentry2.o ABSOLUTE
    ../clib/angel/kernel.s                   0x00000000   Number         0  rtexit.o ABSOLUTE
    ../clib/angel/kernel.s                   0x00000000   Number         0  rtentry4.o ABSOLUTE
    ../clib/angel/kernel.s                   0x00000000   Number         0  rtexit2.o ABSOLUTE
    ../clib/angel/kernel.s                   0x00000000   Number         0  rtentry.o ABSOLUTE
    ../clib/angel/rt.s                       0x00000000   Number         0  rt_raise.o ABSOLUTE
    ../clib/angel/scatter.s                  0x00000000   Number         0  __scatter.o ABSOLUTE
    ../clib/angel/startup.s                  0x00000000   Number         0  __main.o ABSOLUTE
    ../clib/angel/sys.s                      0x00000000   Number         0  libspace.o ABSOLUTE
    ../clib/angel/sys.s                      0x00000000   Number         0  sys_stackheap_outer.o ABSOLUTE
    ../clib/angel/sys.s                      0x00000000   Number         0  use_no_semi.o ABSOLUTE
    ../clib/angel/sys.s                      0x00000000   Number         0  indicate_semi.o ABSOLUTE
    ../clib/angel/sysapp.c                   0x00000000   Number         0  sys_wrch.o ABSOLUTE
    ../clib/angel/sysapp.c                   0x00000000   Number         0  sys_command.o ABSOLUTE
    ../clib/angel/sysapp.c                   0x00000000   Number         0  sys_exit.o ABSOLUTE
    ../clib/armsys.c                         0x00000000   Number         0  _get_argv_nomalloc.o ABSOLUTE
    ../clib/armsys.c                         0x00000000   Number         0  no_argv.o ABSOLUTE
    ../clib/armsys.c                         0x00000000   Number         0  argv_veneer.o ABSOLUTE
    ../clib/armsys.c                         0x00000000   Number         0  argv_veneer.o ABSOLUTE
    ../clib/heapalloc.c                      0x00000000   Number         0  hrguard.o ABSOLUTE
    ../clib/heapaux.c                        0x00000000   Number         0  heapauxi.o ABSOLUTE
    ../clib/libinit.s                        0x00000000   Number         0  libinit2.o ABSOLUTE
    ../clib/libinit.s                        0x00000000   Number         0  libinit.o ABSOLUTE
    ../clib/libinit.s                        0x00000000   Number         0  libshutdown.o ABSOLUTE
    ../clib/libinit.s                        0x00000000   Number         0  libshutdown2.o ABSOLUTE
    ../clib/memcpset.s                       0x00000000   Number         0  rt_memclr_w.o ABSOLUTE
    ../clib/signal.c                         0x00000000   Number         0  defsig_cppl_inner.o ABSOLUTE
    ../clib/signal.c                         0x00000000   Number         0  defsig_pvfn_inner.o ABSOLUTE
    ../clib/signal.c                         0x00000000   Number         0  defsig_stak_inner.o ABSOLUTE
    ../clib/signal.c                         0x00000000   Number         0  defsig_rtred_inner.o ABSOLUTE
    ../clib/signal.c                         0x00000000   Number         0  defsig_fpe_inner.o ABSOLUTE
    ../clib/signal.c                         0x00000000   Number         0  defsig_abrt_inner.o ABSOLUTE
    ../clib/signal.c                         0x00000000   Number         0  defsig_rtmem_outer.o ABSOLUTE
    ../clib/signal.c                         0x00000000   Number         0  defsig_rtmem_formal.o ABSOLUTE
    ../clib/signal.c                         0x00000000   Number         0  defsig_exit.o ABSOLUTE
    ../clib/signal.c                         0x00000000   Number         0  defsig_rtmem_inner.o ABSOLUTE
    ../clib/signal.c                         0x00000000   Number         0  __raise.o ABSOLUTE
    ../clib/signal.c                         0x00000000   Number         0  defsig_general.o ABSOLUTE
    ../clib/signal.c                         0x00000000   Number         0  defsig_segv_inner.o ABSOLUTE
    ../clib/signal.c                         0x00000000   Number         0  defsig_other.o ABSOLUTE
    ../clib/signal.s                         0x00000000   Number         0  defsig.o ABSOLUTE
    ../clib/stdlib.c                         0x00000000   Number         0  exit.o ABSOLUTE
    ../fplib/d2f.s                           0x00000000   Number         0  d2f.o ABSOLUTE
    ../fplib/daddsub.s                       0x00000000   Number         0  daddsub_clz.o ABSOLUTE
    ../fplib/ddiv.s                          0x00000000   Number         0  ddiv.o ABSOLUTE
    ../fplib/dflt.s                          0x00000000   Number         0  dflt_clz.o ABSOLUTE
    ../fplib/dmul.s                          0x00000000   Number         0  dmul.o ABSOLUTE
    ../fplib/dnaninf.s                       0x00000000   Number         0  dnaninf.o ABSOLUTE
    ../fplib/dretinf.s                       0x00000000   Number         0  dretinf.o ABSOLUTE
    ../fplib/fpinit.s                        0x00000000   Number         0  fpinit.o ABSOLUTE
    ../fplib/fretinf.s                       0x00000000   Number         0  fretinf.o ABSOLUTE
    ../fplib/usenofp.s                       0x00000000   Number         0  usenofp.o ABSOLUTE
    RTE\Device\STM32F103RB\startup_stm32f10x_md.s 0x00000000   Number         0  startup_stm32f10x_md.o ABSOLUTE
    RTE\Device\STM32F103RB\system_stm32f10x.c 0x00000000   Number         0  system_stm32f10x.o ABSOLUTE
    RTE\\Device\\STM32F103RB\\system_stm32f10x.c 0x00000000   Number         0  system_stm32f10x.o ABSOLUTE
    Source\\main.c                           0x00000000   Number         0  main.o ABSOLUTE
    Source\\switch.c                         0x00000000   Number         0  switch.o ABSOLUTE
    Source\\tCpu.c                           0x00000000   Number         0  tcpu.o ABSOLUTE
    Source\app.c                             0x00000000   Number         0  app.o ABSOLUTE
    Source\main.c                            0x00000000   Number         0  main.o ABSOLUTE
    Source\switch.c                          0x00000000   Number         0  switch.o ABSOLUTE
    Source\tBitmap.c                         0x00000000   Number         0  tbitmap.o ABSOLUTE
    Source\tCpu.c                            0x00000000   Number         0  tcpu.o ABSOLUTE
    Source\tEvent.c                          0x00000000   Number         0  tevent.o ABSOLUTE
    Source\tFlagGroup.c                      0x00000000   Number         0  tflaggroup.o ABSOLUTE
    Source\tHooks.c                          0x00000000   Number         0  thooks.o ABSOLUTE
    Source\tList.c                           0x00000000   Number         0  tlist.o ABSOLUTE
    Source\tMbox.c                           0x00000000   Number         0  tmbox.o ABSOLUTE
    Source\tMeBlock.c                        0x00000000   Number         0  tmeblock.o ABSOLUTE
    Source\tMutex.c                          0x00000000   Number         0  tmutex.o ABSOLUTE
    Source\tSem.c                            0x00000000   Number         0  tsem.o ABSOLUTE
    Source\tTask.c                           0x00000000   Number         0  ttask.o ABSOLUTE
    Source\tTime.c                           0x00000000   Number         0  ttime.o ABSOLUTE
    Source\tTimer.c                          0x00000000   Number         0  ttimer.o ABSOLUTE
    dc.s                                     0x00000000   Number         0  dc.o ABSOLUTE
    !!!main                                  0x000000ec   Section        8  __main.o(!!!main)
    !!!scatter                               0x000000f4   Section       52  __scatter.o(!!!scatter)
    !!handler_copy                           0x00000128   Section       26  __scatter_copy.o(!!handler_copy)
    !!handler_zi                             0x00000144   Section       28  __scatter_zi.o(!!handler_zi)
    .ARM.Collect$$libinit$$00000000          0x00000160   Section        2  libinit.o(.ARM.Collect$$libinit$$00000000)
    .ARM.Collect$$libinit$$00000002          0x00000162   Section        0  libinit2.o(.ARM.Collect$$libinit$$00000002)
    .ARM.Collect$$libinit$$00000008          0x00000162   Section        0  libinit2.o(.ARM.Collect$$libinit$$00000008)
    .ARM.Collect$$libinit$$0000000A          0x00000162   Section        0  libinit2.o(.ARM.Collect$$libinit$$0000000A)
    .ARM.Collect$$libinit$$0000000C          0x00000162   Section        0  libinit2.o(.ARM.Collect$$libinit$$0000000C)
    .ARM.Collect$$libinit$$0000000F          0x00000162   Section        0  libinit2.o(.ARM.Collect$$libinit$$0000000F)
    .ARM.Collect$$libinit$$00000011          0x00000162   Section        0  libinit2.o(.ARM.Collect$$libinit$$00000011)
    .ARM.Collect$$libinit$$00000013          0x00000162   Section        0  libinit2.o(.ARM.Collect$$libinit$$00000013)
    .ARM.Collect$$libinit$$00000015          0x00000162   Section        0  libinit2.o(.ARM.Collect$$libinit$$00000015)
    .ARM.Collect$$libinit$$00000017          0x00000162   Section        0  libinit2.o(.ARM.Collect$$libinit$$00000017)
    .ARM.Collect$$libinit$$00000019          0x00000162   Section        0  libinit2.o(.ARM.Collect$$libinit$$00000019)
    .ARM.Collect$$libinit$$0000001B          0x00000162   Section        0  libinit2.o(.ARM.Collect$$libinit$$0000001B)
    .ARM.Collect$$libinit$$0000001D          0x00000162   Section        0  libinit2.o(.ARM.Collect$$libinit$$0000001D)
    .ARM.Collect$$libinit$$0000001F          0x00000162   Section        0  libinit2.o(.ARM.Collect$$libinit$$0000001F)
    .ARM.Collect$$libinit$$00000021          0x00000162   Section        0  libinit2.o(.ARM.Collect$$libinit$$00000021)
    .ARM.Collect$$libinit$$00000023          0x00000162   Section        0  libinit2.o(.ARM.Collect$$libinit$$00000023)
    .ARM.Collect$$libinit$$0000002A          0x00000162   Section        0  libinit2.o(.ARM.Collect$$libinit$$0000002A)
    .ARM.Collect$$libinit$$0000002C          0x00000162   Section        0  libinit2.o(.ARM.Collect$$libinit$$0000002C)
    .ARM.Collect$$libinit$$0000002E          0x00000162   Section        0  libinit2.o(.ARM.Collect$$libinit$$0000002E)
    .ARM.Collect$$libinit$$00000030          0x00000162   Section        0  libinit2.o(.ARM.Collect$$libinit$$00000030)
    .ARM.Collect$$libinit$$00000031          0x00000162   Section        2  libinit2.o(.ARM.Collect$$libinit$$00000031)
    .ARM.Collect$$libshutdown$$00000000      0x00000164   Section        2  libshutdown.o(.ARM.Collect$$libshutdown$$00000000)
    .ARM.Collect$$libshutdown$$00000003      0x00000166   Section        0  libshutdown2.o(.ARM.Collect$$libshutdown$$00000003)
    .ARM.Collect$$libshutdown$$00000006      0x00000166   Section        0  libshutdown2.o(.ARM.Collect$$libshutdown$$00000006)
    .ARM.Collect$$libshutdown$$00000009      0x00000166   Section        0  libshutdown2.o(.ARM.Collect$$libshutdown$$00000009)
    .ARM.Collect$$libshutdown$$0000000B      0x00000166   Section        0  libshutdown2.o(.ARM.Collect$$libshutdown$$0000000B)
    .ARM.Collect$$libshutdown$$0000000E      0x00000166   Section        0  libshutdown2.o(.ARM.Collect$$libshutdown$$0000000E)
    .ARM.Collect$$libshutdown$$0000000F      0x00000166   Section        2  libshutdown2.o(.ARM.Collect$$libshutdown$$0000000F)
    .ARM.Collect$$rtentry$$00000000          0x00000168   Section        0  rtentry.o(.ARM.Collect$$rtentry$$00000000)
    .ARM.Collect$$rtentry$$00000002          0x00000168   Section        0  rtentry2.o(.ARM.Collect$$rtentry$$00000002)
    .ARM.Collect$$rtentry$$00000004          0x00000168   Section        6  rtentry4.o(.ARM.Collect$$rtentry$$00000004)
    .ARM.Collect$$rtentry$$00000009          0x0000016e   Section        0  rtentry2.o(.ARM.Collect$$rtentry$$00000009)
    .ARM.Collect$$rtentry$$0000000A          0x0000016e   Section        4  rtentry2.o(.ARM.Collect$$rtentry$$0000000A)
    .ARM.Collect$$rtentry$$0000000C          0x00000172   Section        0  rtentry2.o(.ARM.Collect$$rtentry$$0000000C)
    .ARM.Collect$$rtentry$$0000000D          0x00000172   Section        8  rtentry2.o(.ARM.Collect$$rtentry$$0000000D)
    .ARM.Collect$$rtexit$$00000000           0x0000017a   Section        2  rtexit.o(.ARM.Collect$$rtexit$$00000000)
    .ARM.Collect$$rtexit$$00000002           0x0000017c   Section        0  rtexit2.o(.ARM.Collect$$rtexit$$00000002)
    .ARM.Collect$$rtexit$$00000003           0x0000017c   Section        4  rtexit2.o(.ARM.Collect$$rtexit$$00000003)
    .ARM.Collect$$rtexit$$00000004           0x00000180   Section        6  rtexit2.o(.ARM.Collect$$rtexit$$00000004)
    .emb_text                                0x00000188   Section       48  switch.o(.emb_text)
    .text                                    0x000001b8   Section       64  startup_stm32f10x_md.o(.text)
    .text                                    0x000001f8   Section       78  rt_memclr_w.o(.text)
    .text                                    0x00000246   Section        0  heapauxi.o(.text)
    .text                                    0x0000024c   Section       74  sys_stackheap_outer.o(.text)
    .text                                    0x00000296   Section        0  exit.o(.text)
    .text                                    0x000002a4   Section        8  libspace.o(.text)
    .text                                    0x000002ac   Section        0  sys_exit.o(.text)
    .text                                    0x000002b8   Section        2  use_no_semi.o(.text)
    .text                                    0x000002ba   Section        0  indicate_semi.o(.text)
    i.SetSysClock                            0x000002ba   Section        0  system_stm32f10x.o(i.SetSysClock)
    SetSysClock                              0x000002bb   Thumb Code     8  system_stm32f10x.o(i.SetSysClock)
    i.SetSysClockTo72                        0x000002c4   Section        0  system_stm32f10x.o(i.SetSysClockTo72)
    SetSysClockTo72                          0x000002c5   Thumb Code   214  system_stm32f10x.o(i.SetSysClockTo72)
    i.SysTick_Handler                        0x000003a4   Section        0  tcpu.o(i.SysTick_Handler)
    i.SystemInit                             0x000003ac   Section        0  system_stm32f10x.o(i.SystemInit)
    i.checkCpuUsage                          0x0000040c   Section        0  main.o(i.checkCpuUsage)
    checkCpuUsage                            0x0000040d   Thumb Code   142  main.o(i.checkCpuUsage)
    i.cpuUsageSyncWithSysTick                0x000004b4   Section        0  main.o(i.cpuUsageSyncWithSysTick)
    cpuUsageSyncWithSysTick                  0x000004b5   Thumb Code    12  main.o(i.cpuUsageSyncWithSysTick)
    i.idleTaskEntry                          0x000004c4   Section        0  main.o(i.idleTaskEntry)
    i.initCpuUsageStat                       0x000004fc   Section        0  main.o(i.initCpuUsageStat)
    initCpuUsageStat                         0x000004fd   Thumb Code    20  main.o(i.initCpuUsageStat)
    i.main                                   0x00000520   Section        0  main.o(i.main)
    i.tBitmapClear                           0x0000056c   Section        0  tbitmap.o(i.tBitmapClear)
    i.tBitmapGetFirstSet                     0x00000578   Section        0  tbitmap.o(i.tBitmapGetFirstSet)
    i.tBitmapInit                            0x000005d4   Section        0  tbitmap.o(i.tBitmapInit)
    i.tBitmapPosCount                        0x000005da   Section        0  tbitmap.o(i.tBitmapPosCount)
    i.tBitmapSet                             0x000005de   Section        0  tbitmap.o(i.tBitmapSet)
    i.tEventInit                             0x000005ea   Section        0  tevent.o(i.tEventInit)
    i.tEventRemoveTask                       0x000005fa   Section        0  tevent.o(i.tEventRemoveTask)
    i.tEventWait                             0x00000630   Section        0  tevent.o(i.tEventWait)
    i.tEventWaitCount                        0x0000067e   Section        0  tevent.o(i.tEventWaitCount)
    i.tEventWakeUp                           0x0000069c   Section        0  tevent.o(i.tEventWakeUp)
    i.tHooksCpuIdle                          0x000006ea   Section        0  thooks.o(i.tHooksCpuIdle)
    i.tHooksSysTick                          0x000006ec   Section        0  thooks.o(i.tHooksSysTick)
    i.tHooksTaskInit                         0x000006ee   Section        0  thooks.o(i.tHooksTaskInit)
    i.tHooksTaskSwitch                       0x000006f0   Section        0  thooks.o(i.tHooksTaskSwitch)
    i.tInitApp                               0x000006f4   Section        0  app.o(i.tInitApp)
    i.tListAddFirst                          0x00000788   Section        0  tlist.o(i.tListAddFirst)
    i.tListAddLast                           0x000007a0   Section        0  tlist.o(i.tListAddLast)
    i.tListCount                             0x000007b4   Section        0  tlist.o(i.tListCount)
    i.tListFirst                             0x000007ba   Section        0  tlist.o(i.tListFirst)
    i.tListInit                              0x000007c6   Section        0  tlist.o(i.tListInit)
    i.tListRemove                            0x000007d0   Section        0  tlist.o(i.tListRemove)
    i.tListRemoveFirst                       0x000007e4   Section        0  tlist.o(i.tListRemoveFirst)
    i.tNodeInit                              0x000007fe   Section        0  tlist.o(i.tNodeInit)
    i.tSemInit                               0x00000804   Section        0  tsem.o(i.tSemInit)
    i.tSemNotify                             0x0000082c   Section        0  tsem.o(i.tSemNotify)
    i.tSemWait                               0x00000880   Section        0  tsem.o(i.tSemWait)
    i.tSetSysTickPeriod                      0x000008c8   Section        0  tcpu.o(i.tSetSysTickPeriod)
    i.tTaskDelay                             0x00000920   Section        0  ttime.o(i.tTaskDelay)
    i.tTaskDelayedInit                       0x0000094c   Section        0  main.o(i.tTaskDelayedInit)
    i.tTaskEnterCritical                     0x0000095c   Section        0  switch.o(i.tTaskEnterCritical)
    i.tTaskExitCritical                      0x00000968   Section        0  switch.o(i.tTaskExitCritical)
    i.tTaskHighestReady                      0x00000974   Section        0  main.o(i.tTaskHighestReady)
    i.tTaskInit                              0x0000099c   Section        0  ttask.o(i.tTaskInit)
    i.tTaskRunFirst                          0x00000a7c   Section        0  switch.o(i.tTaskRunFirst)
    i.tTaskSched                             0x00000a98   Section        0  main.o(i.tTaskSched)
    i.tTaskSchedDisable                      0x00000ae8   Section        0  main.o(i.tTaskSchedDisable)
    i.tTaskSchedEnable                       0x00000b10   Section        0  main.o(i.tTaskSchedEnable)
    i.tTaskSchedInit                         0x00000b40   Section        0  main.o(i.tTaskSchedInit)
    i.tTaskSchedRdy                          0x00000b74   Section        0  main.o(i.tTaskSchedRdy)
    i.tTaskSchedUnRdy                        0x00000ba0   Section        0  main.o(i.tTaskSchedUnRdy)
    i.tTaskSwitch                            0x00000bdc   Section        0  switch.o(i.tTaskSwitch)
    i.tTaskSystemTickHandler                 0x00000bec   Section        0  main.o(i.tTaskSystemTickHandler)
    i.tTimeModuleTickNotify                  0x00000cb8   Section        0  ttimer.o(i.tTimeModuleTickNotify)
    i.tTimeTaskWait                          0x00000cdc   Section        0  main.o(i.tTimeTaskWait)
    i.tTimeTaskWakeUp                        0x00000cfc   Section        0  main.o(i.tTimeTaskWakeUp)
    i.tTimeTickInit                          0x00000d18   Section        0  main.o(i.tTimeTickInit)
    i.tTimerCallFunList                      0x00000d24   Section        0  ttimer.o(i.tTimerCallFunList)
    tTimerCallFunList                        0x00000d25   Thumb Code    72  ttimer.o(i.tTimerCallFunList)
    i.tTimerInitTask                         0x00000d6c   Section        0  ttimer.o(i.tTimerInitTask)
    i.tTimerModuleInit                       0x00000d94   Section        0  ttimer.o(i.tTimerModuleInit)
    i.tTimerSoftTask                         0x00000dc8   Section        0  ttimer.o(i.tTimerSoftTask)
    tTimerSoftTask                           0x00000dc9   Thumb Code    32  ttimer.o(i.tTimerSoftTask)
    i.task1Entry                             0x00000df4   Section        0  app.o(i.task1Entry)
    i.task2Entry                             0x00000e14   Section        0  app.o(i.task2Entry)
    i.task3Entry                             0x00000e34   Section        0  app.o(i.task3Entry)
    i.task4Entry                             0x00000e54   Section        0  app.o(i.task4Entry)
    x$fpl$d2f                                0x00000e74   Section       98  d2f.o(x$fpl$d2f)
    x$fpl$dadd                               0x00000ed8   Section      336  daddsub_clz.o(x$fpl$dadd)
    _dadd1                                   0x00000ee9   Thumb Code     0  daddsub_clz.o(x$fpl$dadd)
    x$fpl$ddiv                               0x00001028   Section      688  ddiv.o(x$fpl$ddiv)
    ddiv_entry                               0x0000102f   Thumb Code     0  ddiv.o(x$fpl$ddiv)
    x$fpl$dfltu                              0x000012d8   Section       38  dflt_clz.o(x$fpl$dfltu)
    x$fpl$dmul                               0x00001300   Section      340  dmul.o(x$fpl$dmul)
    x$fpl$dnaninf                            0x00001454   Section      156  dnaninf.o(x$fpl$dnaninf)
    x$fpl$dretinf                            0x000014f0   Section       12  dretinf.o(x$fpl$dretinf)
    x$fpl$drsb                               0x000014fc   Section       22  daddsub_clz.o(x$fpl$drsb)
    x$fpl$dsub                               0x00001514   Section      468  daddsub_clz.o(x$fpl$dsub)
    _dsub1                                   0x00001525   Thumb Code     0  daddsub_clz.o(x$fpl$dsub)
    x$fpl$fretinf                            0x000016e8   Section       10  fretinf.o(x$fpl$fretinf)
    .constdata                               0x000016f2   Section      256  tbitmap.o(.constdata)
    x$fpl$usenofp                            0x000016f2   Section        0  usenofp.o(x$fpl$usenofp)
    quickFindTable                           0x000016f2   Data         256  tbitmap.o(.constdata)
    .data                                    0x20000000   Section       40  main.o(.data)
    cpuUsage                                 0x20000020   Data           4  main.o(.data)
    enableCpuUsageState                      0x20000024   Data           4  main.o(.data)
    .data                                    0x20000028   Section       16  app.o(.data)
    .data                                    0x20000038   Section       20  system_stm32f10x.o(.data)
    .bss                                     0x2000004c   Section     4572  main.o(.bss)
    .bss                                     0x20001228   Section    16704  app.o(.bss)
    .bss                                     0x20005368   Section     4248  ttimer.o(.bss)
    tTimerHardList                           0x20005368   Data          12  ttimer.o(.bss)
    tTimerSoftList                           0x20005374   Data          12  ttimer.o(.bss)
    tTimerProtectSem                         0x20005380   Data          24  ttimer.o(.bss)
    tTimerTickSem                            0x20005398   Data          24  ttimer.o(.bss)
    tTimeTask                                0x200053b0   Data          80  ttimer.o(.bss)
    tTimerTaskStack                          0x20005400   Data        4096  ttimer.o(.bss)
    .bss                                     0x20006400   Section       96  libspace.o(.bss)
    HEAP                                     0x20006460   Section      512  startup_stm32f10x_md.o(HEAP)
    Heap_Mem                                 0x20006460   Data         512  startup_stm32f10x_md.o(HEAP)
    STACK                                    0x20006660   Section     1024  startup_stm32f10x_md.o(STACK)
    Stack_Mem                                0x20006660   Data        1024  startup_stm32f10x_md.o(STACK)
    __initial_sp                             0x20006a60   Data           0  startup_stm32f10x_md.o(STACK)

    Global Symbols

    Symbol Name                              Value     Ov Type        Size  Object(Section)

    BuildAttributes$$THM_ISAv4$P$D$K$B$S$PE$A:L22UL41UL21$X:L11$S22US41US21$IEEE1$IW$USESV6$~STKCKD$USESV7$~SHL$OSPACE$ROPI$EBA8$UX$STANDARDLIB$REQ8$PRES8$EABIv2 0x00000000   Number         0  anon$$obj.o ABSOLUTE
    __ARM_use_no_argv                        0x00000000   Number         0  main.o ABSOLUTE
    __Vectors                                0x00000000   Data           4  startup_stm32f10x_md.o(RESET)
    __ARM_exceptions_init                     - Undefined Weak Reference
    __alloca_initialize                       - Undefined Weak Reference
    __cpp_initialize__aeabi_                  - Undefined Weak Reference
    __cxa_finalize                            - Undefined Weak Reference
    __rt_locale                               - Undefined Weak Reference
    __sigvec_lookup                           - Undefined Weak Reference
    _atexit_init                              - Undefined Weak Reference
    _call_atexit_fns                          - Undefined Weak Reference
    _clock_init                               - Undefined Weak Reference
    _fp_trap_init                             - Undefined Weak Reference
    _fp_trap_shutdown                         - Undefined Weak Reference
    _get_lc_collate                           - Undefined Weak Reference
    _get_lc_ctype                             - Undefined Weak Reference
    _get_lc_monetary                          - Undefined Weak Reference
    _get_lc_numeric                           - Undefined Weak Reference
    _get_lc_time                              - Undefined Weak Reference
    _getenv_init                              - Undefined Weak Reference
    _handle_redirection                       - Undefined Weak Reference
    _init_alloc                               - Undefined Weak Reference
    _init_user_alloc                          - Undefined Weak Reference
    _initio                                   - Undefined Weak Reference
    _rand_init                                - Undefined Weak Reference
    _signal_finish                            - Undefined Weak Reference
    _signal_init                              - Undefined Weak Reference
    _terminate_alloc                          - Undefined Weak Reference
    _terminate_user_alloc                     - Undefined Weak Reference
    _terminateio                              - Undefined Weak Reference
    __Vectors_End                            0x000000ec   Data           0  startup_stm32f10x_md.o(RESET)
    __Vectors_Size                           0x000000ec   Number         0  startup_stm32f10x_md.o ABSOLUTE
    __main                                   0x000000ed   Thumb Code     8  __main.o(!!!main)
    __scatterload                            0x000000f5   Thumb Code     0  __scatter.o(!!!scatter)
    __scatterload_rt2                        0x000000f5   Thumb Code    44  __scatter.o(!!!scatter)
    __scatterload_rt2_thumb_only             0x000000f5   Thumb Code     0  __scatter.o(!!!scatter)
    __scatterload_null                       0x00000103   Thumb Code     0  __scatter.o(!!!scatter)
    __scatterload_copy                       0x00000129   Thumb Code    26  __scatter_copy.o(!!handler_copy)
    __scatterload_zeroinit                   0x00000145   Thumb Code    28  __scatter_zi.o(!!handler_zi)
    __rt_lib_init                            0x00000161   Thumb Code     0  libinit.o(.ARM.Collect$$libinit$$00000000)
    __rt_lib_init_alloca_1                   0x00000163   Thumb Code     0  libinit2.o(.ARM.Collect$$libinit$$0000002C)
    __rt_lib_init_argv_1                     0x00000163   Thumb Code     0  libinit2.o(.ARM.Collect$$libinit$$0000002A)
    __rt_lib_init_atexit_1                   0x00000163   Thumb Code     0  libinit2.o(.ARM.Collect$$libinit$$00000019)
    __rt_lib_init_clock_1                    0x00000163   Thumb Code     0  libinit2.o(.ARM.Collect$$libinit$$0000001F)
    __rt_lib_init_cpp_1                      0x00000163   Thumb Code     0  libinit2.o(.ARM.Collect$$libinit$$00000030)
    __rt_lib_init_exceptions_1               0x00000163   Thumb Code     0  libinit2.o(.ARM.Collect$$libinit$$0000002E)
    __rt_lib_init_fp_1                       0x00000163   Thumb Code     0  libinit2.o(.ARM.Collect$$libinit$$00000002)
    __rt_lib_init_fp_trap_1                  0x00000163   Thumb Code     0  libinit2.o(.ARM.Collect$$libinit$$0000001D)
    __rt_lib_init_getenv_1                   0x00000163   Thumb Code     0  libinit2.o(.ARM.Collect$$libinit$$00000021)
    __rt_lib_init_heap_1                     0x00000163   Thumb Code     0  libinit2.o(.ARM.Collect$$libinit$$00000008)
    __rt_lib_init_lc_collate_1               0x00000163   Thumb Code     0  libinit2.o(.ARM.Collect$$libinit$$0000000F)
    __rt_lib_init_lc_ctype_1                 0x00000163   Thumb Code     0  libinit2.o(.ARM.Collect$$libinit$$00000011)
    __rt_lib_init_lc_monetary_1              0x00000163   Thumb Code     0  libinit2.o(.ARM.Collect$$libinit$$00000013)
    __rt_lib_init_lc_numeric_1               0x00000163   Thumb Code     0  libinit2.o(.ARM.Collect$$libinit$$00000015)
    __rt_lib_init_lc_time_1                  0x00000163   Thumb Code     0  libinit2.o(.ARM.Collect$$libinit$$00000017)
    __rt_lib_init_rand_1                     0x00000163   Thumb Code     0  libinit2.o(.ARM.Collect$$libinit$$0000000C)
    __rt_lib_init_return                     0x00000163   Thumb Code     0  libinit2.o(.ARM.Collect$$libinit$$00000031)
    __rt_lib_init_signal_1                   0x00000163   Thumb Code     0  libinit2.o(.ARM.Collect$$libinit$$0000001B)
    __rt_lib_init_stdio_1                    0x00000163   Thumb Code     0  libinit2.o(.ARM.Collect$$libinit$$00000023)
    __rt_lib_init_user_alloc_1               0x00000163   Thumb Code     0  libinit2.o(.ARM.Collect$$libinit$$0000000A)
    __rt_lib_shutdown                        0x00000165   Thumb Code     0  libshutdown.o(.ARM.Collect$$libshutdown$$00000000)
    __rt_lib_shutdown_fp_trap_1              0x00000167   Thumb Code     0  libshutdown2.o(.ARM.Collect$$libshutdown$$00000006)
    __rt_lib_shutdown_heap_1                 0x00000167   Thumb Code     0  libshutdown2.o(.ARM.Collect$$libshutdown$$0000000E)
    __rt_lib_shutdown_return                 0x00000167   Thumb Code     0  libshutdown2.o(.ARM.Collect$$libshutdown$$0000000F)
    __rt_lib_shutdown_signal_1               0x00000167   Thumb Code     0  libshutdown2.o(.ARM.Collect$$libshutdown$$00000009)
    __rt_lib_shutdown_stdio_1                0x00000167   Thumb Code     0  libshutdown2.o(.ARM.Collect$$libshutdown$$00000003)
    __rt_lib_shutdown_user_alloc_1           0x00000167   Thumb Code     0  libshutdown2.o(.ARM.Collect$$libshutdown$$0000000B)
    __rt_entry                               0x00000169   Thumb Code     0  rtentry.o(.ARM.Collect$$rtentry$$00000000)
    __rt_entry_presh_1                       0x00000169   Thumb Code     0  rtentry2.o(.ARM.Collect$$rtentry$$00000002)
    __rt_entry_sh                            0x00000169   Thumb Code     0  rtentry4.o(.ARM.Collect$$rtentry$$00000004)
    __rt_entry_li                            0x0000016f   Thumb Code     0  rtentry2.o(.ARM.Collect$$rtentry$$0000000A)
    __rt_entry_postsh_1                      0x0000016f   Thumb Code     0  rtentry2.o(.ARM.Collect$$rtentry$$00000009)
    __rt_entry_main                          0x00000173   Thumb Code     0  rtentry2.o(.ARM.Collect$$rtentry$$0000000D)
    __rt_entry_postli_1                      0x00000173   Thumb Code     0  rtentry2.o(.ARM.Collect$$rtentry$$0000000C)
    __rt_exit                                0x0000017b   Thumb Code     0  rtexit.o(.ARM.Collect$$rtexit$$00000000)
    __rt_exit_ls                             0x0000017d   Thumb Code     0  rtexit2.o(.ARM.Collect$$rtexit$$00000003)
    __rt_exit_prels_1                        0x0000017d   Thumb Code     0  rtexit2.o(.ARM.Collect$$rtexit$$00000002)
    __rt_exit_exit                           0x00000181   Thumb Code     0  rtexit2.o(.ARM.Collect$$rtexit$$00000004)
    PendSV_Handler                           0x00000189   Thumb Code    40  switch.o(.emb_text)
    Reset_Handler                            0x000001b9   Thumb Code     8  startup_stm32f10x_md.o(.text)
    NMI_Handler                              0x000001c1   Thumb Code     2  startup_stm32f10x_md.o(.text)
    HardFault_Handler                        0x000001c3   Thumb Code     2  startup_stm32f10x_md.o(.text)
    MemManage_Handler                        0x000001c5   Thumb Code     2  startup_stm32f10x_md.o(.text)
    BusFault_Handler                         0x000001c7   Thumb Code     2  startup_stm32f10x_md.o(.text)
    UsageFault_Handler                       0x000001c9   Thumb Code     2  startup_stm32f10x_md.o(.text)
    SVC_Handler                              0x000001cb   Thumb Code     2  startup_stm32f10x_md.o(.text)
    DebugMon_Handler                         0x000001cd   Thumb Code     2  startup_stm32f10x_md.o(.text)
    ADC1_2_IRQHandler                        0x000001d3   Thumb Code     0  startup_stm32f10x_md.o(.text)
    CAN1_RX1_IRQHandler                      0x000001d3   Thumb Code     0  startup_stm32f10x_md.o(.text)
    CAN1_SCE_IRQHandler                      0x000001d3   Thumb Code     0  startup_stm32f10x_md.o(.text)
    DMA1_Channel1_IRQHandler                 0x000001d3   Thumb Code     0  startup_stm32f10x_md.o(.text)
    DMA1_Channel2_IRQHandler                 0x000001d3   Thumb Code     0  startup_stm32f10x_md.o(.text)
    DMA1_Channel3_IRQHandler                 0x000001d3   Thumb Code     0  startup_stm32f10x_md.o(.text)
    DMA1_Channel4_IRQHandler                 0x000001d3   Thumb Code     0  startup_stm32f10x_md.o(.text)
    DMA1_Channel5_IRQHandler                 0x000001d3   Thumb Code     0  startup_stm32f10x_md.o(.text)
    DMA1_Channel6_IRQHandler                 0x000001d3   Thumb Code     0  startup_stm32f10x_md.o(.text)
    DMA1_Channel7_IRQHandler                 0x000001d3   Thumb Code     0  startup_stm32f10x_md.o(.text)
    EXTI0_IRQHandler                         0x000001d3   Thumb Code     0  startup_stm32f10x_md.o(.text)
    EXTI15_10_IRQHandler                     0x000001d3   Thumb Code     0  startup_stm32f10x_md.o(.text)
    EXTI1_IRQHandler                         0x000001d3   Thumb Code     0  startup_stm32f10x_md.o(.text)
    EXTI2_IRQHandler                         0x000001d3   Thumb Code     0  startup_stm32f10x_md.o(.text)
    EXTI3_IRQHandler                         0x000001d3   Thumb Code     0  startup_stm32f10x_md.o(.text)
    EXTI4_IRQHandler                         0x000001d3   Thumb Code     0  startup_stm32f10x_md.o(.text)
    EXTI9_5_IRQHandler                       0x000001d3   Thumb Code     0  startup_stm32f10x_md.o(.text)
    FLASH_IRQHandler                         0x000001d3   Thumb Code     0  startup_stm32f10x_md.o(.text)
    I2C1_ER_IRQHandler                       0x000001d3   Thumb Code     0  startup_stm32f10x_md.o(.text)
    I2C1_EV_IRQHandler                       0x000001d3   Thumb Code     0  startup_stm32f10x_md.o(.text)
    I2C2_ER_IRQHandler                       0x000001d3   Thumb Code     0  startup_stm32f10x_md.o(.text)
    I2C2_EV_IRQHandler                       0x000001d3   Thumb Code     0  startup_stm32f10x_md.o(.text)
    PVD_IRQHandler                           0x000001d3   Thumb Code     0  startup_stm32f10x_md.o(.text)
    RCC_IRQHandler                           0x000001d3   Thumb Code     0  startup_stm32f10x_md.o(.text)
    RTCAlarm_IRQHandler                      0x000001d3   Thumb Code     0  startup_stm32f10x_md.o(.text)
    RTC_IRQHandler                           0x000001d3   Thumb Code     0  startup_stm32f10x_md.o(.text)
    SPI1_IRQHandler                          0x000001d3   Thumb Code     0  startup_stm32f10x_md.o(.text)
    SPI2_IRQHandler                          0x000001d3   Thumb Code     0  startup_stm32f10x_md.o(.text)
    TAMPER_IRQHandler                        0x000001d3   Thumb Code     0  startup_stm32f10x_md.o(.text)
    TIM1_BRK_IRQHandler                      0x000001d3   Thumb Code     0  startup_stm32f10x_md.o(.text)
    TIM1_CC_IRQHandler                       0x000001d3   Thumb Code     0  startup_stm32f10x_md.o(.text)
    TIM1_TRG_COM_IRQHandler                  0x000001d3   Thumb Code     0  startup_stm32f10x_md.o(.text)
    TIM1_UP_IRQHandler                       0x000001d3   Thumb Code     0  startup_stm32f10x_md.o(.text)
    TIM2_IRQHandler                          0x000001d3   Thumb Code     0  startup_stm32f10x_md.o(.text)
    TIM3_IRQHandler                          0x000001d3   Thumb Code     0  startup_stm32f10x_md.o(.text)
    TIM4_IRQHandler                          0x000001d3   Thumb Code     0  startup_stm32f10x_md.o(.text)
    USART1_IRQHandler                        0x000001d3   Thumb Code     0  startup_stm32f10x_md.o(.text)
    USART2_IRQHandler                        0x000001d3   Thumb Code     0  startup_stm32f10x_md.o(.text)
    USART3_IRQHandler                        0x000001d3   Thumb Code     0  startup_stm32f10x_md.o(.text)
    USBWakeUp_IRQHandler                     0x000001d3   Thumb Code     0  startup_stm32f10x_md.o(.text)
    USB_HP_CAN1_TX_IRQHandler                0x000001d3   Thumb Code     0  startup_stm32f10x_md.o(.text)
    USB_LP_CAN1_RX0_IRQHandler               0x000001d3   Thumb Code     0  startup_stm32f10x_md.o(.text)
    WWDG_IRQHandler                          0x000001d3   Thumb Code     0  startup_stm32f10x_md.o(.text)
    __user_initial_stackheap                 0x000001d5   Thumb Code     0  startup_stm32f10x_md.o(.text)
    __aeabi_memclr4                          0x000001f9   Thumb Code     0  rt_memclr_w.o(.text)
    __aeabi_memclr8                          0x000001f9   Thumb Code     0  rt_memclr_w.o(.text)
    __rt_memclr_w                            0x000001f9   Thumb Code    78  rt_memclr_w.o(.text)
    _memset_w                                0x000001fd   Thumb Code     0  rt_memclr_w.o(.text)
    __use_two_region_memory                  0x00000247   Thumb Code     2  heapauxi.o(.text)
    __rt_heap_escrow$2region                 0x00000249   Thumb Code     2  heapauxi.o(.text)
    __rt_heap_expand$2region                 0x0000024b   Thumb Code     2  heapauxi.o(.text)
    __user_setup_stackheap                   0x0000024d   Thumb Code    74  sys_stackheap_outer.o(.text)
    exit                                     0x00000297   Thumb Code    12  exit.o(.text)
    __user_libspace                          0x000002a5   Thumb Code     8  libspace.o(.text)
    __user_perproc_libspace                  0x000002a5   Thumb Code     0  libspace.o(.text)
    __user_perthread_libspace                0x000002a5   Thumb Code     0  libspace.o(.text)
    _sys_exit                                0x000002ad   Thumb Code     8  sys_exit.o(.text)
    __I$use$semihosting                      0x000002b9   Thumb Code     0  use_no_semi.o(.text)
    __use_no_semihosting_swi                 0x000002b9   Thumb Code     2  use_no_semi.o(.text)
    __semihosting_library_function           0x000002bb   Thumb Code     0  indicate_semi.o(.text)
    SysTick_Handler                          0x000003a5   Thumb Code     8  tcpu.o(i.SysTick_Handler)
    SystemInit                               0x000003ad   Thumb Code    78  system_stm32f10x.o(i.SystemInit)
    idleTaskEntry                            0x000004c5   Thumb Code    52  main.o(i.idleTaskEntry)
    main                                     0x00000521   Thumb Code    60  main.o(i.main)
    tBitmapClear                             0x0000056d   Thumb Code    12  tbitmap.o(i.tBitmapClear)
    tBitmapGetFirstSet                       0x00000579   Thumb Code    86  tbitmap.o(i.tBitmapGetFirstSet)
    tBitmapInit                              0x000005d5   Thumb Code     6  tbitmap.o(i.tBitmapInit)
    tBitmapPosCount                          0x000005db   Thumb Code     4  tbitmap.o(i.tBitmapPosCount)
    tBitmapSet                               0x000005df   Thumb Code    12  tbitmap.o(i.tBitmapSet)
    tEventInit                               0x000005eb   Thumb Code    16  tevent.o(i.tEventInit)
    tEventRemoveTask                         0x000005fb   Thumb Code    54  tevent.o(i.tEventRemoveTask)
    tEventWait                               0x00000631   Thumb Code    78  tevent.o(i.tEventWait)
    tEventWaitCount                          0x0000067f   Thumb Code    30  tevent.o(i.tEventWaitCount)
    tEventWakeUp                             0x0000069d   Thumb Code    78  tevent.o(i.tEventWakeUp)
    tHooksCpuIdle                            0x000006eb   Thumb Code     2  thooks.o(i.tHooksCpuIdle)
    tHooksSysTick                            0x000006ed   Thumb Code     2  thooks.o(i.tHooksSysTick)
    tHooksTaskInit                           0x000006ef   Thumb Code     2  thooks.o(i.tHooksTaskInit)
    tHooksTaskSwitch                         0x000006f1   Thumb Code     2  thooks.o(i.tHooksTaskSwitch)
    tInitApp                                 0x000006f5   Thumb Code   100  app.o(i.tInitApp)
    tListAddFirst                            0x00000789   Thumb Code    24  tlist.o(i.tListAddFirst)
    tListAddLast                             0x000007a1   Thumb Code    20  tlist.o(i.tListAddLast)
    tListCount                               0x000007b5   Thumb Code     6  tlist.o(i.tListCount)
    tListFirst                               0x000007bb   Thumb Code    12  tlist.o(i.tListFirst)
    tListInit                                0x000007c7   Thumb Code    10  tlist.o(i.tListInit)
    tListRemove                              0x000007d1   Thumb Code    20  tlist.o(i.tListRemove)
    tListRemoveFirst                         0x000007e5   Thumb Code    26  tlist.o(i.tListRemoveFirst)
    tNodeInit                                0x000007ff   Thumb Code     6  tlist.o(i.tNodeInit)
    tSemInit                                 0x00000805   Thumb Code    38  tsem.o(i.tSemInit)
    tSemNotify                               0x0000082d   Thumb Code    78  tsem.o(i.tSemNotify)
    tSemWait                                 0x00000881   Thumb Code    66  tsem.o(i.tSemWait)
    tSetSysTickPeriod                        0x000008c9   Thumb Code    74  tcpu.o(i.tSetSysTickPeriod)
    tTaskDelay                               0x00000921   Thumb Code    40  ttime.o(i.tTaskDelay)
    tTaskDelayedInit                         0x0000094d   Thumb Code    10  main.o(i.tTaskDelayedInit)
    tTaskEnterCritical                       0x0000095d   Thumb Code    12  switch.o(i.tTaskEnterCritical)
    tTaskExitCritical                        0x00000969   Thumb Code    10  switch.o(i.tTaskExitCritical)
    tTaskHighestReady                        0x00000975   Thumb Code    32  main.o(i.tTaskHighestReady)
    tTaskInit                                0x0000099d   Thumb Code   222  ttask.o(i.tTaskInit)
    tTaskRunFirst                            0x00000a7d   Thumb Code    24  switch.o(i.tTaskRunFirst)
    tTaskSched                               0x00000a99   Thumb Code    66  main.o(i.tTaskSched)
    tTaskSchedDisable                        0x00000ae9   Thumb Code    34  main.o(i.tTaskSchedDisable)
    tTaskSchedEnable                         0x00000b11   Thumb Code    42  main.o(i.tTaskSchedEnable)
    tTaskSchedInit                           0x00000b41   Thumb Code    40  main.o(i.tTaskSchedInit)
    tTaskSchedRdy                            0x00000b75   Thumb Code    34  main.o(i.tTaskSchedRdy)
    tTaskSchedUnRdy                          0x00000ba1   Thumb Code    52  main.o(i.tTaskSchedUnRdy)
    tTaskSwitch                              0x00000bdd   Thumb Code    10  switch.o(i.tTaskSwitch)
    tTaskSystemTickHandler                   0x00000bed   Thumb Code   186  main.o(i.tTaskSystemTickHandler)
    tTimeModuleTickNotify                    0x00000cb9   Thumb Code    28  ttimer.o(i.tTimeModuleTickNotify)
    tTimeTaskWait                            0x00000cdd   Thumb Code    28  main.o(i.tTimeTaskWait)
    tTimeTaskWakeUp                          0x00000cfd   Thumb Code    24  main.o(i.tTimeTaskWakeUp)
    tTimeTickInit                            0x00000d19   Thumb Code     8  main.o(i.tTimeTickInit)
    tTimerInitTask                           0x00000d6d   Thumb Code    26  ttimer.o(i.tTimerInitTask)
    tTimerModuleInit                         0x00000d95   Thumb Code    36  ttimer.o(i.tTimerModuleInit)
    task1Entry                               0x00000df5   Thumb Code    26  app.o(i.task1Entry)
    task2Entry                               0x00000e15   Thumb Code    26  app.o(i.task2Entry)
    task3Entry                               0x00000e35   Thumb Code    26  app.o(i.task3Entry)
    task4Entry                               0x00000e55   Thumb Code    26  app.o(i.task4Entry)
    __aeabi_d2f                              0x00000e75   Thumb Code     0  d2f.o(x$fpl$d2f)
    _d2f                                     0x00000e75   Thumb Code    98  d2f.o(x$fpl$d2f)
    __aeabi_dadd                             0x00000ed9   Thumb Code     0  daddsub_clz.o(x$fpl$dadd)
    _dadd                                    0x00000ed9   Thumb Code   332  daddsub_clz.o(x$fpl$dadd)
    __aeabi_ddiv                             0x00001029   Thumb Code     0  ddiv.o(x$fpl$ddiv)
    _ddiv                                    0x00001029   Thumb Code   552  ddiv.o(x$fpl$ddiv)
    __aeabi_ui2d                             0x000012d9   Thumb Code     0  dflt_clz.o(x$fpl$dfltu)
    _dfltu                                   0x000012d9   Thumb Code    38  dflt_clz.o(x$fpl$dfltu)
    __aeabi_dmul                             0x00001301   Thumb Code     0  dmul.o(x$fpl$dmul)
    _dmul                                    0x00001301   Thumb Code   332  dmul.o(x$fpl$dmul)
    __fpl_dnaninf                            0x00001455   Thumb Code   156  dnaninf.o(x$fpl$dnaninf)
    __fpl_dretinf                            0x000014f1   Thumb Code    12  dretinf.o(x$fpl$dretinf)
    __aeabi_drsub                            0x000014fd   Thumb Code     0  daddsub_clz.o(x$fpl$drsb)
    _drsb                                    0x000014fd   Thumb Code    22  daddsub_clz.o(x$fpl$drsb)
    __aeabi_dsub                             0x00001515   Thumb Code     0  daddsub_clz.o(x$fpl$dsub)
    _dsub                                    0x00001515   Thumb Code   464  daddsub_clz.o(x$fpl$dsub)
    __fpl_fretinf                            0x000016e9   Thumb Code    10  fretinf.o(x$fpl$fretinf)
    __I$use$fp                               0x000016f2   Number         0  usenofp.o(x$fpl$usenofp)
    Region$$Table$$Base                      0x000017f4   Number         0  anon$$obj.o(Region$$Table)
    Region$$Table$$Limit                     0x00001814   Number         0  anon$$obj.o(Region$$Table)
    currentTask                              0x20000000   Data           4  main.o(.data)
    nextTask                                 0x20000004   Data           4  main.o(.data)
    idleTask                                 0x20000008   Data           4  main.o(.data)
    taskPrioBitmap                           0x2000000c   Data           4  main.o(.data)
    schedLockCount                           0x20000010   Data           1  main.o(.data)
    tickCount                                0x20000014   Data           4  main.o(.data)
    idleCount                                0x20000018   Data           4  main.o(.data)
    idleMaxCount                             0x2000001c   Data           4  main.o(.data)
    task1Flag                                0x20000028   Data           4  app.o(.data)
    task2Flag                                0x2000002c   Data           4  app.o(.data)
    task3Flag                                0x20000030   Data           4  app.o(.data)
    task4Flag                                0x20000034   Data           4  app.o(.data)
    SystemCoreClock                          0x20000038   Data           4  system_stm32f10x.o(.data)
    AHBPrescTable                            0x2000003c   Data          16  system_stm32f10x.o(.data)
    taskTable                                0x2000004c   Data         384  main.o(.bss)
    tTaskDelayedList                         0x200001cc   Data          12  main.o(.bss)
    tTaskIdle                                0x200001d8   Data          80  main.o(.bss)
    idleTaskEnv                              0x20000228   Data        4096  main.o(.bss)
    tTask1                                   0x20001228   Data          80  app.o(.bss)
    tTask2                                   0x20001278   Data          80  app.o(.bss)
    tTask3                                   0x200012c8   Data          80  app.o(.bss)
    tTask4                                   0x20001318   Data          80  app.o(.bss)
    task1Env                                 0x20001368   Data        4096  app.o(.bss)
    task2Env                                 0x20002368   Data        4096  app.o(.bss)
    task3Env                                 0x20003368   Data        4096  app.o(.bss)
    task4Env                                 0x20004368   Data        4096  app.o(.bss)
    __libspace_start                         0x20006400   Data          96  libspace.o(.bss)
    __temporary_stack_top$libspace           0x20006460   Data           0  libspace.o(.bss)



==============================================================================

Memory Map of the image

  Image Entry point : 0x000001b9

  Load Region LR_1 (Base: 0x00000000, Size: 0x00001860, Max: 0xffffffff, ABSOLUTE)

    Execution Region ER_RO (Base: 0x00000000, Size: 0x00001814, Max: 0xffffffff, ABSOLUTE)

    Base Addr    Size         Type   Attr      Idx    E Section Name        Object

    0x00000000   0x000000ec   Data   RO          877    RESET               startup_stm32f10x_md.o
    0x000000ec   0x00000008   Code   RO          930  * !!!main             c_w.l(__main.o)
    0x000000f4   0x00000034   Code   RO         1111    !!!scatter          c_w.l(__scatter.o)
    0x00000128   0x0000001a   Code   RO         1113    !!handler_copy      c_w.l(__scatter_copy.o)
    0x00000142   0x00000002   PAD
    0x00000144   0x0000001c   Code   RO         1115    !!handler_zi        c_w.l(__scatter_zi.o)
    0x00000160   0x00000002   Code   RO          984    .ARM.Collect$$libinit$$00000000  c_w.l(libinit.o)
    0x00000162   0x00000000   Code   RO          991    .ARM.Collect$$libinit$$00000002  c_w.l(libinit2.o)
    0x00000162   0x00000000   Code   RO          994    .ARM.Collect$$libinit$$00000008  c_w.l(libinit2.o)
    0x00000162   0x00000000   Code   RO          996    .ARM.Collect$$libinit$$0000000A  c_w.l(libinit2.o)
    0x00000162   0x00000000   Code   RO          998    .ARM.Collect$$libinit$$0000000C  c_w.l(libinit2.o)
    0x00000162   0x00000000   Code   RO         1001    .ARM.Collect$$libinit$$0000000F  c_w.l(libinit2.o)
    0x00000162   0x00000000   Code   RO         1003    .ARM.Collect$$libinit$$00000011  c_w.l(libinit2.o)
    0x00000162   0x00000000   Code   RO         1005    .ARM.Collect$$libinit$$00000013  c_w.l(libinit2.o)
    0x00000162   0x00000000   Code   RO         1007    .ARM.Collect$$libinit$$00000015  c_w.l(libinit2.o)
    0x00000162   0x00000000   Code   RO         1009    .ARM.Collect$$libinit$$00000017  c_w.l(libinit2.o)
    0x00000162   0x00000000   Code   RO         1011    .ARM.Collect$$libinit$$00000019  c_w.l(libinit2.o)
    0x00000162   0x00000000   Code   RO         1013    .ARM.Collect$$libinit$$0000001B  c_w.l(libinit2.o)
    0x00000162   0x00000000   Code   RO         1015    .ARM.Collect$$libinit$$0000001D  c_w.l(libinit2.o)
    0x00000162   0x00000000   Code   RO         1017    .ARM.Collect$$libinit$$0000001F  c_w.l(libinit2.o)
    0x00000162   0x00000000   Code   RO         1019    .ARM.Collect$$libinit$$00000021  c_w.l(libinit2.o)
    0x00000162   0x00000000   Code   RO         1021    .ARM.Collect$$libinit$$00000023  c_w.l(libinit2.o)
    0x00000162   0x00000000   Code   RO         1025    .ARM.Collect$$libinit$$0000002A  c_w.l(libinit2.o)
    0x00000162   0x00000000   Code   RO         1027    .ARM.Collect$$libinit$$0000002C  c_w.l(libinit2.o)
    0x00000162   0x00000000   Code   RO         1029    .ARM.Collect$$libinit$$0000002E  c_w.l(libinit2.o)
    0x00000162   0x00000000   Code   RO         1031    .ARM.Collect$$libinit$$00000030  c_w.l(libinit2.o)
    0x00000162   0x00000002   Code   RO         1032    .ARM.Collect$$libinit$$00000031  c_w.l(libinit2.o)
    0x00000164   0x00000002   Code   RO         1052    .ARM.Collect$$libshutdown$$00000000  c_w.l(libshutdown.o)
    0x00000166   0x00000000   Code   RO         1066    .ARM.Collect$$libshutdown$$00000003  c_w.l(libshutdown2.o)
    0x00000166   0x00000000   Code   RO         1069    .ARM.Collect$$libshutdown$$00000006  c_w.l(libshutdown2.o)
    0x00000166   0x00000000   Code   RO         1072    .ARM.Collect$$libshutdown$$00000009  c_w.l(libshutdown2.o)
    0x00000166   0x00000000   Code   RO         1074    .ARM.Collect$$libshutdown$$0000000B  c_w.l(libshutdown2.o)
    0x00000166   0x00000000   Code   RO         1077    .ARM.Collect$$libshutdown$$0000000E  c_w.l(libshutdown2.o)
    0x00000166   0x00000002   Code   RO         1078    .ARM.Collect$$libshutdown$$0000000F  c_w.l(libshutdown2.o)
    0x00000168   0x00000000   Code   RO          952    .ARM.Collect$$rtentry$$00000000  c_w.l(rtentry.o)
    0x00000168   0x00000000   Code   RO          961    .ARM.Collect$$rtentry$$00000002  c_w.l(rtentry2.o)
    0x00000168   0x00000006   Code   RO          973    .ARM.Collect$$rtentry$$00000004  c_w.l(rtentry4.o)
    0x0000016e   0x00000000   Code   RO          963    .ARM.Collect$$rtentry$$00000009  c_w.l(rtentry2.o)
    0x0000016e   0x00000004   Code   RO          964    .ARM.Collect$$rtentry$$0000000A  c_w.l(rtentry2.o)
    0x00000172   0x00000000   Code   RO          966    .ARM.Collect$$rtentry$$0000000C  c_w.l(rtentry2.o)
    0x00000172   0x00000008   Code   RO          967    .ARM.Collect$$rtentry$$0000000D  c_w.l(rtentry2.o)
    0x0000017a   0x00000002   Code   RO          988    .ARM.Collect$$rtexit$$00000000  c_w.l(rtexit.o)
    0x0000017c   0x00000000   Code   RO         1034    .ARM.Collect$$rtexit$$00000002  c_w.l(rtexit2.o)
    0x0000017c   0x00000004   Code   RO         1035    .ARM.Collect$$rtexit$$00000003  c_w.l(rtexit2.o)
    0x00000180   0x00000006   Code   RO         1036    .ARM.Collect$$rtexit$$00000004  c_w.l(rtexit2.o)
    0x00000186   0x00000002   PAD
    0x00000188   0x00000030   Code   RO          200    .emb_text           switch.o
    0x000001b8   0x00000040   Code   RO          878  * .text               startup_stm32f10x_md.o
    0x000001f8   0x0000004e   Code   RO          926    .text               c_w.l(rt_memclr_w.o)
    0x00000246   0x00000006   Code   RO          928    .text               c_w.l(heapauxi.o)
    0x0000024c   0x0000004a   Code   RO          975    .text               c_w.l(sys_stackheap_outer.o)
    0x00000296   0x0000000c   Code   RO          977    .text               c_w.l(exit.o)
    0x000002a2   0x00000002   PAD
    0x000002a4   0x00000008   Code   RO          985    .text               c_w.l(libspace.o)
    0x000002ac   0x0000000c   Code   RO         1044    .text               c_w.l(sys_exit.o)
    0x000002b8   0x00000002   Code   RO         1055    .text               c_w.l(use_no_semi.o)
    0x000002ba   0x00000000   Code   RO         1057    .text               c_w.l(indicate_semi.o)
    0x000002ba   0x00000008   Code   RO          884    i.SetSysClock       system_stm32f10x.o
    0x000002c2   0x00000002   PAD
    0x000002c4   0x000000e0   Code   RO          885    i.SetSysClockTo72   system_stm32f10x.o
    0x000003a4   0x00000008   Code   RO          442    i.SysTick_Handler   tcpu.o
    0x000003ac   0x00000060   Code   RO          887    i.SystemInit        system_stm32f10x.o
    0x0000040c   0x000000a8   Code   RO            3    i.checkCpuUsage     main.o
    0x000004b4   0x00000010   Code   RO            4    i.cpuUsageSyncWithSysTick  main.o
    0x000004c4   0x00000038   Code   RO            5    i.idleTaskEntry     main.o
    0x000004fc   0x00000024   Code   RO            6    i.initCpuUsageStat  main.o
    0x00000520   0x0000004c   Code   RO            7    i.main              main.o
    0x0000056c   0x0000000c   Code   RO          247    i.tBitmapClear      tbitmap.o
    0x00000578   0x0000005c   Code   RO          248    i.tBitmapGetFirstSet  tbitmap.o
    0x000005d4   0x00000006   Code   RO          249    i.tBitmapInit       tbitmap.o
    0x000005da   0x00000004   Code   RO          250    i.tBitmapPosCount   tbitmap.o
    0x000005de   0x0000000c   Code   RO          251    i.tBitmapSet        tbitmap.o
    0x000005ea   0x00000010   Code   RO          510    i.tEventInit        tevent.o
    0x000005fa   0x00000036   Code   RO          512    i.tEventRemoveTask  tevent.o
    0x00000630   0x0000004e   Code   RO          513    i.tEventWait        tevent.o
    0x0000067e   0x0000001e   Code   RO          514    i.tEventWaitCount   tevent.o
    0x0000069c   0x0000004e   Code   RO          515    i.tEventWakeUp      tevent.o
    0x000006ea   0x00000002   Code   RO          845    i.tHooksCpuIdle     thooks.o
    0x000006ec   0x00000002   Code   RO          846    i.tHooksSysTick     thooks.o
    0x000006ee   0x00000002   Code   RO          847    i.tHooksTaskInit    thooks.o
    0x000006f0   0x00000002   Code   RO          848    i.tHooksTaskSwitch  thooks.o
    0x000006f2   0x00000002   PAD
    0x000006f4   0x00000094   Code   RO          470    i.tInitApp          app.o
    0x00000788   0x00000018   Code   RO          284    i.tListAddFirst     tlist.o
    0x000007a0   0x00000014   Code   RO          285    i.tListAddLast      tlist.o
    0x000007b4   0x00000006   Code   RO          286    i.tListCount        tlist.o
    0x000007ba   0x0000000c   Code   RO          287    i.tListFirst        tlist.o
    0x000007c6   0x0000000a   Code   RO          288    i.tListInit         tlist.o
    0x000007d0   0x00000014   Code   RO          293    i.tListRemove       tlist.o
    0x000007e4   0x0000001a   Code   RO          295    i.tListRemoveFirst  tlist.o
    0x000007fe   0x00000006   Code   RO          296    i.tNodeInit         tlist.o
    0x00000804   0x00000026   Code   RO          560    i.tSemInit          tsem.o
    0x0000082a   0x00000002   PAD
    0x0000082c   0x00000054   Code   RO          561    i.tSemNotify        tsem.o
    0x00000880   0x00000048   Code   RO          562    i.tSemWait          tsem.o
    0x000008c8   0x00000058   Code   RO          443    i.tSetSysTickPeriod  tcpu.o
    0x00000920   0x0000002c   Code   RO          428    i.tTaskDelay        ttime.o
    0x0000094c   0x00000010   Code   RO            9    i.tTaskDelayedInit  main.o
    0x0000095c   0x0000000c   Code   RO          201    i.tTaskEnterCritical  switch.o
    0x00000968   0x0000000a   Code   RO          202    i.tTaskExitCritical  switch.o
    0x00000972   0x00000002   PAD
    0x00000974   0x00000028   Code   RO           10    i.tTaskHighestReady  main.o
    0x0000099c   0x000000de   Code   RO          371    i.tTaskInit         ttask.o
    0x00000a7a   0x00000002   PAD
    0x00000a7c   0x0000001c   Code   RO          203    i.tTaskRunFirst     switch.o
    0x00000a98   0x00000050   Code   RO           11    i.tTaskSched        main.o
    0x00000ae8   0x00000028   Code   RO           12    i.tTaskSchedDisable  main.o
    0x00000b10   0x00000030   Code   RO           13    i.tTaskSchedEnable  main.o
    0x00000b40   0x00000034   Code   RO           14    i.tTaskSchedInit    main.o
    0x00000b74   0x0000002c   Code   RO           15    i.tTaskSchedRdy     main.o
    0x00000ba0   0x0000003c   Code   RO           17    i.tTaskSchedUnRdy   main.o
    0x00000bdc   0x00000010   Code   RO          204    i.tTaskSwitch       switch.o
    0x00000bec   0x000000cc   Code   RO           18    i.tTaskSystemTickHandler  main.o
    0x00000cb8   0x00000024   Code   RO          779    i.tTimeModuleTickNotify  ttimer.o
    0x00000cdc   0x00000020   Code   RO           20    i.tTimeTaskWait     main.o
    0x00000cfc   0x0000001c   Code   RO           21    i.tTimeTaskWakeUp   main.o
    0x00000d18   0x0000000c   Code   RO           22    i.tTimeTickInit     main.o
    0x00000d24   0x00000048   Code   RO          780    i.tTimerCallFunList  ttimer.o
    0x00000d6c   0x00000028   Code   RO          784    i.tTimerInitTask    ttimer.o
    0x00000d94   0x00000034   Code   RO          785    i.tTimerModuleInit  ttimer.o
    0x00000dc8   0x0000002c   Code   RO          786    i.tTimerSoftTask    ttimer.o
    0x00000df4   0x00000020   Code   RO          471    i.task1Entry        app.o
    0x00000e14   0x00000020   Code   RO          472    i.task2Entry        app.o
    0x00000e34   0x00000020   Code   RO          473    i.task3Entry        app.o
    0x00000e54   0x00000020   Code   RO          474    i.task4Entry        app.o
    0x00000e74   0x00000062   Code   RO          932    x$fpl$d2f           fz_ws.l(d2f.o)
    0x00000ed6   0x00000002   PAD
    0x00000ed8   0x00000150   Code   RO          934    x$fpl$dadd          fz_ws.l(daddsub_clz.o)
    0x00001028   0x000002b0   Code   RO          941    x$fpl$ddiv          fz_ws.l(ddiv.o)
    0x000012d8   0x00000026   Code   RO          944    x$fpl$dfltu         fz_ws.l(dflt_clz.o)
    0x000012fe   0x00000002   PAD
    0x00001300   0x00000154   Code   RO          950    x$fpl$dmul          fz_ws.l(dmul.o)
    0x00001454   0x0000009c   Code   RO          953    x$fpl$dnaninf       fz_ws.l(dnaninf.o)
    0x000014f0   0x0000000c   Code   RO          955    x$fpl$dretinf       fz_ws.l(dretinf.o)
    0x000014fc   0x00000016   Code   RO          935    x$fpl$drsb          fz_ws.l(daddsub_clz.o)
    0x00001512   0x00000002   PAD
    0x00001514   0x000001d4   Code   RO          936    x$fpl$dsub          fz_ws.l(daddsub_clz.o)
    0x000016e8   0x0000000a   Code   RO          957    x$fpl$fretinf       fz_ws.l(fretinf.o)
    0x000016f2   0x00000000   Code   RO          959    x$fpl$usenofp       fz_ws.l(usenofp.o)
    0x000016f2   0x00000100   Data   RO          252    .constdata          tbitmap.o
    0x000017f2   0x00000002   PAD
    0x000017f4   0x00000020   Data   RO         1109    Region$$Table       anon$$obj.o


    Execution Region ER_RW (Base: 0x20000000, Size: 0x0000004c, Max: 0xffffffff, ABSOLUTE)

    Base Addr    Size         Type   Attr      Idx    E Section Name        Object

    0x20000000   0x00000028   Data   RW           24    .data               main.o
    0x20000028   0x00000010   Data   RW          476    .data               app.o
    0x20000038   0x00000014   Data   RW          888    .data               system_stm32f10x.o


    Execution Region ER_ZI (Base: 0x2000004c, Size: 0x00006a14, Max: 0xffffffff, ABSOLUTE)

    Base Addr    Size         Type   Attr      Idx    E Section Name        Object

    0x2000004c   0x000011dc   Zero   RW           23    .bss                main.o
    0x20001228   0x00004140   Zero   RW          475    .bss                app.o
    0x20005368   0x00001098   Zero   RW          789    .bss                ttimer.o
    0x20006400   0x00000060   Zero   RW          986    .bss                c_w.l(libspace.o)
    0x20006460   0x00000200   Zero   RW          876    HEAP                startup_stm32f10x_md.o
    0x20006660   0x00000400   Zero   RW          875    STACK               startup_stm32f10x_md.o


==============================================================================

Image component sizes


      Code (inc. data)   RO Data    RW Data    ZI Data      Debug   Object Name

       276         72          0         16      16704       3145   app.o
      1008        166          0         40       4572     218824   main.o
        64         26        236          0       1536        836   startup_stm32f10x_md.o
       114         18          0          0          0       3851   switch.o
       328         28          0         20          0       2365   system_stm32f10x.o
       126          6        256          0          0       2777   tbitmap.o
        96         14          0          0          0      23101   tcpu.o
       256          0          0          0          0       3346   tevent.o
         8          0          0          0          0       2032   thooks.o
       124          0          0          0          0       4186   tlist.o
       194         12          0          0          0       2083   tsem.o
       222          0          0          0          0       1088   ttask.o
        44          4          0          0          0        509   ttime.o
       244         50          0          0       4248       3052   ttimer.o

    ----------------------------------------------------------------------
      3114        396        526         76      27060     271195   Object Totals
         0          0         32          0          0          0   (incl. Generated)
        10          0          2          0          0          0   (incl. Padding)

    ----------------------------------------------------------------------

      Code (inc. data)   RO Data    RW Data    ZI Data      Debug   Library Member Name

         8          0          0          0          0         68   __main.o
        52          8          0          0          0          0   __scatter.o
        26          0          0          0          0          0   __scatter_copy.o
        28          0          0          0          0          0   __scatter_zi.o
        12          0          0          0          0         72   exit.o
         6          0          0          0          0        152   heapauxi.o
         0          0          0          0          0          0   indicate_semi.o
         2          0          0          0          0          0   libinit.o
         2          0          0          0          0          0   libinit2.o
         2          0          0          0          0          0   libshutdown.o
         2          0          0          0          0          0   libshutdown2.o
         8          4          0          0         96         68   libspace.o
        78          0          0          0          0         80   rt_memclr_w.o
         0          0          0          0          0          0   rtentry.o
        12          0          0          0          0          0   rtentry2.o
         6          0          0          0          0          0   rtentry4.o
         2          0          0          0          0          0   rtexit.o
        10          0          0          0          0          0   rtexit2.o
        12          4          0          0          0         68   sys_exit.o
        74          0          0          0          0         80   sys_stackheap_outer.o
         2          0          0          0          0         68   use_no_semi.o
        98          4          0          0          0         92   d2f.o
       826         16          0          0          0        348   daddsub_clz.o
       688        140          0          0          0        208   ddiv.o
        38          0          0          0          0         68   dflt_clz.o
       340         12          0          0          0        104   dmul.o
       156          4          0          0          0         92   dnaninf.o
        12          0          0          0          0         68   dretinf.o
        10          0          0          0          0         68   fretinf.o
         0          0          0          0          0          0   usenofp.o

    ----------------------------------------------------------------------
      2524        192          0          0         96       1704   Library Totals
        12          0          0          0          0          0   (incl. Padding)

    ----------------------------------------------------------------------

      Code (inc. data)   RO Data    RW Data    ZI Data      Debug   Library Name

       344         16          0          0         96        656   c_w.l
      2168        176          0          0          0       1048   fz_ws.l

    ----------------------------------------------------------------------
      2524        192          0          0         96       1704   Library Totals

    ----------------------------------------------------------------------

==============================================================================


      Code (inc. data)   RO Data    RW Data    ZI Data      Debug   

      5638        588        526         76      27156     269099   Grand Totals
      5638        588        526         76      27156     269099   ELF Image Totals
      5638        588        526         76          0          0   ROM Totals

==============================================================================

    Total RO  Size (Code + RO Data)                 6164 (   6.02kB)
    Total RW  Size (RW Data + ZI Data)             27232 (  26.59kB)
    Total ROM Size (Code + RO Data + RW Data)       6240 (   6.09kB)

==============================================================================

