<html>
<body>
<pre>
<h1>µVision Build Log</h1>
<h2>Tool Versions:</h2>
IDE-Version: ¦ÌVision V5.25.2.0
Copyright (C) 2018 ARM Ltd and ARM Germany GmbH. All rights reserved.
License Information: Shu Ren, FAU, LIC=----
 
Tool Versions:
Toolchain:       MDK-Lite  Version: 5.25.2.0
Toolchain Path:  d:\Keil_v5\ARM\ARMCC\Bin
C Compiler:      Armcc.exe V5.06 update 6 (build 750)
Assembler:       Armasm.exe V5.06 update 6 (build 750)
Linker/Locator:  ArmLink.exe V5.06 update 6 (build 750)
Library Manager: ArmAr.exe V5.06 update 6 (build 750)
Hex Converter:   FromElf.exe V5.06 update 6 (build 750)
CPU DLL:         SARMCM3.DLL V5.25.2.0
Dialog DLL:      DCM.DLL V1.17.1.0
Target DLL:      UL2CM3.DLL V1.160.12.0
Dialog DLL:      TCM.DLL V1.35.1.0
 
<h2>Project:</h2>
F:\stu.zzu.edu.cn\OneDrive - stu.zzu.edu.cn\RTOS\tinyOS\c3.04_tinyOS\tinyOS.uvprojx
Project File Date:  01/27/2019

<h2>Output:</h2>
*** Using Compiler 'V5.06 update 6 (build 750)', folder: 'd:\Keil_v5\ARM\ARMCC\Bin'
Rebuild target 'Target 1'
compiling tBitmap.c...
Source\tLib.h(16): warning:  #1-D: last line of file ends without a newline
  #endif
Source\tBitmap.c: 1 warning, 0 errors
assembling startup_ARMCM3.s...
compiling switch.c...
Source\tLib.h(16): warning:  #1-D: last line of file ends without a newline
  #endif
Source\tConfig.h(6): warning:  #1-D: last line of file ends without a newline
  #endif
Source\switch.c: 2 warnings, 0 errors
compiling main.c...
Source\tLib.h(16): warning:  #1-D: last line of file ends without a newline
  #endif
Source\tConfig.h(6): warning:  #1-D: last line of file ends without a newline
  #endif
Source\main.c: 2 warnings, 0 errors
compiling system_ARMCM3.c...
linking...
Program Size: Code=1348 RO-data=480 RW-data=36 ZI-data=16644  
".\Objects\tinyOS.axf" - 0 Error(s), 5 Warning(s).

<h2>Software Packages used:</h2>

Package Vendor: ARM
                http://www.keil.com/pack/ARM.CMSIS.5.3.0.pack
                ARM.CMSIS.5.3.0
                CMSIS (Cortex Microcontroller Software Interface Standard)
   * Component: CORE Version: 5.1.1
   * Component: Startup Version: 1.0.1

<h2>Collection of Component include folders:</h2>
  .\RTE\_Target_1
  d:\Keil_v5\ARM\PACK\ARM\CMSIS\5.3.0\CMSIS\Include
  d:\Keil_v5\ARM\PACK\ARM\CMSIS\5.3.0\Device\ARM\ARMCM3\Include

<h2>Collection of Component Files used:</h2>

   * Component: ARM::CMSIS:CORE:5.1.1

   * Component: ARM::Device:Startup:1.0.1
      Include file:  Device\ARM\ARMCM3\Include\ARMCM3.h
      Source file:   Device\ARM\ARMCM3\Source\ARM\startup_ARMCM3.s
      Source file:   Device\ARM\ARMCM3\Source\system_ARMCM3.c
Build Time Elapsed:  00:00:03
</pre>
</body>
</html>
