<html>
<body>
<pre>
<h1>µVision Build Log</h1>
<h2>Project:</h2>
E:\stu.zzu.edu.cn\OneDrive - stu.zzu.edu.cn\RTOS\tinyOS\c1.04_tinyOS\tinyOS.uvprojx
Project File Date:  02/27/2019

<h2>Output:</h2>
Rebuild target 'Target 1'
compiling main.c...
Source\main.c(18): warning:  #1-D: last line of file ends without a newline
  }
Source\main.c: 1 warning, 0 errors
assembling startup_stm32f10x_md.s...
compiling system_stm32f10x.c...
linking...
Program Size: Code=708 RO-data=268 RW-data=4 ZI-data=1636  
".\Objects\tinyOS.axf" - 0 Error(s), 1 Warning(s).

<h2>Software Packages used:</h2>

Package Vendor: ARM
                http://www.keil.com/pack/ARM.CMSIS.4.1.0.pack
                ARM::CMSIS:CORE:3.30.0
                CMSIS (Cortex Microcontroller Software Interface Standard)
   * Component: CORE Version: 3.30.0

Package Vendor: Keil
                http://www.keil.com/pack/Keil.STM32F1xx_DFP.2.0.0.pack
                Keil::Device:Startup:1.0.0
                STMicroelectronics STM32F1 Series Device Support, Drivers and Examples
   * Component: Startup Version: 1.0.0

<h2>Collection of Component include folders:</h2>
  E:\stu.zzu.edu.cn\OneDrive - stu.zzu.edu.cn\RTOS\tinyOS\c1.04_tinyOS\RTE
  E:\stu.zzu.edu.cn\OneDrive - stu.zzu.edu.cn\RTOS\tinyOS\c1.04_tinyOS\RTE\Device\STM32F103RB
  d:\Keil_v5\ARM\PACK\ARM\CMSIS\4.1.0\CMSIS\Include
  d:\Keil_v5\ARM\PACK\Keil\STM32F1xx_DFP\2.0.0
  d:\Keil_v5\ARM\PACK\Keil\STM32F1xx_DFP\2.0.0\Device\Include

<h2>Collection of Component Files used:</h2>

   * Component: ARM::CMSIS:CORE:3.30.0
      Source file:   CMSIS\UserCodeTemplates\ARM\ITM_Retarget.c

   * Component: Keil::Device:Startup:1.0.0
      Include file:  RTE_Driver\Config\RTE_Device.h
      Source file:   Device\Source\ARM\startup_stm32f10x_md.s
      Source file:   Device\Source\system_stm32f10x.c
      Source file:   Device\Source\ARM\STM32F1xx_OPT.s
Load "E:\\stu.zzu.edu.cn\\OneDrive - stu.zzu.edu.cn\\RTOS\\tinyOS\\c1.04_tinyOS\\Objects\\tinyOS.axf" 
Set JLink Project File to "E:\stu.zzu.edu.cn\OneDrive - stu.zzu.edu.cn\RTOS\tinyOS\c1.04_tinyOS\JLinkSettings.ini"
* JLink Info: Device "STM32F103RB" selected (128 KB flash, 20 KB RAM).
 
JLink info:
------------
DLL: V4.80g, compiled Feb 13 2014 20:50:02
Firmware: J-Link ARM V8 compiled Nov 28 2014 13:44:46
Hardware: V8.00
S/N : 20172110 
Feature(s) : RDI,FlashDL,FlashBP,JFlash,GDBFull 
 
* JLink Info: TotalIRLen = 9, IRPrint = 0x0011
* JLink Info: TotalIRLen = 9, IRPrint = 0x0011
* JLink Info: Found Cortex-M3 r1p1, Little endian.
* JLink Info: FPUnit: 6 code (BP) slots and 2 literal slots
* JLink Info: TPIU fitted.
ROMTableAddr = 0xE00FF003
 
Target info:
------------
Device: STM32F103RB
VTarget = 3.293V
State of Pins: 
TCK: 1, TDI: 0, TDO: 1, TMS: 0, TRES: 1, TRST: 1
Hardware-Breakpoints: 6
Software-Breakpoints: 8192
Watchpoints:          4
JTAG speed: 9600 kHz
 
No Algorithm found for: 00000000H - 000003D3H
Erase skipped!
Error: Flash Download failed  -  "Cortex-M3"
</pre>
</body>
</html>
"

